2025-06-29 15:53:02.611 +02:00 [INF] Démarrage de l'application...
2025-06-29 15:53:02.650 +02:00 [INF] Initialisation de l'application...
2025-06-29 15:53:02.695 +02:00 [INF] Initialisation du framework terminée...
2025-06-29 15:53:02.695 +02:00 [INF] Application Avalonia construite
2025-06-29 15:53:02.696 +02:00 [INF] Configuration des services...
2025-06-29 15:53:02.706 +02:00 [INF] Construction du conteneur DI...
2025-06-29 15:53:03.186 +02:00 [INF] Démarrage de l'application...
2025-06-29 15:53:03.287 +02:00 [INF] Initialisation du framework terminée...
2025-06-29 15:53:03.661 +02:00 [INF] YouTubeStreamDetector initialisé
2025-06-29 15:53:03.664 +02:00 [INF] MainViewModel initialisé
2025-06-29 15:53:03.667 +02:00 [INF] CanStartMonitoring après changement: True
2025-06-29 15:53:03.667 +02:00 [INF] CanStopMonitoring est évalué. IsMonitoring: False
2025-06-29 15:53:03.667 +02:00 [INF] CanStopMonitoring après changement: False
2025-06-29 15:53:03.687 +02:00 [INF] CanStopMonitoring est évalué. IsMonitoring: False
2025-06-29 15:53:03.689 +02:00 [INF] Application démarrée avec succès
2025-06-29 15:57:30.750 +02:00 [INF] Démarrage de l'application...
2025-06-29 15:57:30.803 +02:00 [INF] Initialisation de l'application...
2025-06-29 15:57:30.851 +02:00 [INF] Initialisation du framework terminée...
2025-06-29 15:57:30.851 +02:00 [INF] Application Avalonia construite
2025-06-29 15:57:30.852 +02:00 [INF] Configuration des services...
2025-06-29 15:57:30.863 +02:00 [INF] Construction du conteneur DI...
2025-06-29 15:57:31.385 +02:00 [INF] Démarrage de l'application...
2025-06-29 15:57:31.474 +02:00 [INF] Initialisation du framework terminée...
2025-06-29 15:57:31.839 +02:00 [INF] YouTubeStreamDetector initialisé
2025-06-29 15:57:31.843 +02:00 [INF] MainViewModel initialisé
2025-06-29 15:57:31.846 +02:00 [INF] CanStartMonitoring après changement: True
2025-06-29 15:57:31.846 +02:00 [INF] CanStopMonitoring est évalué. IsMonitoring: False
2025-06-29 15:57:31.846 +02:00 [INF] CanStopMonitoring après changement: False
2025-06-29 15:57:31.863 +02:00 [INF] CanStopMonitoring est évalué. IsMonitoring: False
2025-06-29 15:57:31.863 +02:00 [INF] CanStopMonitoring est évalué. IsMonitoring: False
2025-06-29 15:57:31.866 +02:00 [INF] Application démarrée avec succès
2025-06-29 16:00:32.100 +02:00 [INF] Démarrage de l'application...
2025-06-29 16:00:32.141 +02:00 [INF] Initialisation de l'application...
2025-06-29 16:00:32.195 +02:00 [INF] Initialisation du framework terminée...
2025-06-29 16:00:32.195 +02:00 [INF] Application Avalonia construite
2025-06-29 16:00:32.196 +02:00 [INF] Configuration des services...
2025-06-29 16:00:32.206 +02:00 [INF] Construction du conteneur DI...
2025-06-29 16:00:32.541 +02:00 [INF] Démarrage de l'application...
2025-06-29 16:00:32.627 +02:00 [INF] Initialisation du framework terminée...
2025-06-29 16:00:32.952 +02:00 [INF] YouTubeStreamDetector initialisé
2025-06-29 16:00:32.956 +02:00 [INF] MainViewModel initialisé
2025-06-29 16:00:32.958 +02:00 [INF] CanStartMonitoring après changement: True
2025-06-29 16:00:32.958 +02:00 [INF] CanStopMonitoring est évalué. IsMonitoring: False
2025-06-29 16:00:32.958 +02:00 [INF] CanStopMonitoring après changement: False
2025-06-29 16:00:32.975 +02:00 [INF] CanStopMonitoring est évalué. IsMonitoring: False
2025-06-29 16:00:32.975 +02:00 [INF] CanStopMonitoring est évalué. IsMonitoring: False
2025-06-29 16:00:32.978 +02:00 [INF] Application démarrée avec succès
2025-06-29 16:02:53.016 +02:00 [INF] Démarrage de l'application...
2025-06-29 16:02:53.053 +02:00 [INF] Initialisation de l'application...
2025-06-29 16:02:53.095 +02:00 [INF] Initialisation du framework terminée...
2025-06-29 16:02:53.095 +02:00 [INF] Application Avalonia construite
2025-06-29 16:02:53.096 +02:00 [INF] Configuration des services...
2025-06-29 16:02:53.106 +02:00 [INF] Construction du conteneur DI...
2025-06-29 16:02:53.445 +02:00 [INF] Démarrage de l'application...
2025-06-29 16:02:53.528 +02:00 [INF] Initialisation du framework terminée...
2025-06-29 16:02:53.854 +02:00 [INF] YouTubeStreamDetector initialisé
2025-06-29 16:02:53.857 +02:00 [INF] MainViewModel initialisé
2025-06-29 16:02:53.859 +02:00 [INF] CanStartMonitoring après changement: True
2025-06-29 16:02:53.859 +02:00 [INF] CanStopMonitoring est évalué. IsMonitoring: False
2025-06-29 16:02:53.859 +02:00 [INF] CanStopMonitoring après changement: False
2025-06-29 16:02:53.869 +02:00 [INF] CanStopMonitoring est évalué. IsMonitoring: False
2025-06-29 16:02:53.869 +02:00 [INF] CanStopMonitoring est évalué. IsMonitoring: False
2025-06-29 16:02:53.873 +02:00 [INF] Application démarrée avec succès
2025-06-29 16:04:44.402 +02:00 [INF] Démarrage de l'application...
2025-06-29 16:04:44.440 +02:00 [INF] Initialisation de l'application...
2025-06-29 16:04:44.483 +02:00 [INF] Initialisation du framework terminée...
2025-06-29 16:04:44.483 +02:00 [INF] Application Avalonia construite
2025-06-29 16:04:44.484 +02:00 [INF] Configuration des services...
2025-06-29 16:04:44.495 +02:00 [INF] Construction du conteneur DI...
2025-06-29 16:04:44.831 +02:00 [INF] Démarrage de l'application...
2025-06-29 16:04:44.918 +02:00 [INF] Initialisation du framework terminée...
2025-06-29 16:04:45.234 +02:00 [INF] YouTubeStreamDetector initialisé
2025-06-29 16:04:45.238 +02:00 [INF] MainViewModel initialisé
2025-06-29 16:04:45.240 +02:00 [INF] CanStartMonitoring après changement: True
2025-06-29 16:04:45.240 +02:00 [INF] CanStopMonitoring est évalué. IsMonitoring: False
2025-06-29 16:04:45.240 +02:00 [INF] CanStopMonitoring après changement: False
2025-06-29 16:04:45.252 +02:00 [INF] CanStopMonitoring est évalué. IsMonitoring: False
2025-06-29 16:04:45.252 +02:00 [INF] CanStopMonitoring est évalué. IsMonitoring: False
2025-06-29 16:04:45.255 +02:00 [INF] Application démarrée avec succès
2025-06-29 16:06:31.991 +02:00 [INF] Démarrage de l'application...
2025-06-29 16:06:32.030 +02:00 [INF] Initialisation de l'application...
2025-06-29 16:06:32.072 +02:00 [INF] Initialisation du framework terminée...
2025-06-29 16:06:32.072 +02:00 [INF] Application Avalonia construite
2025-06-29 16:06:32.073 +02:00 [INF] Configuration des services...
2025-06-29 16:06:32.082 +02:00 [INF] Construction du conteneur DI...
2025-06-29 16:06:32.433 +02:00 [INF] Démarrage de l'application...
2025-06-29 16:06:32.520 +02:00 [INF] Initialisation du framework terminée...
2025-06-29 16:06:32.854 +02:00 [INF] YouTubeStreamDetector initialisé
2025-06-29 16:06:32.858 +02:00 [INF] MainViewModel initialisé
2025-06-29 16:06:32.860 +02:00 [INF] CanStartMonitoring après changement: True
2025-06-29 16:06:32.860 +02:00 [INF] CanStopMonitoring est évalué. IsMonitoring: False
2025-06-29 16:06:32.860 +02:00 [INF] CanStopMonitoring après changement: False
2025-06-29 16:06:32.875 +02:00 [INF] CanStopMonitoring est évalué. IsMonitoring: False
2025-06-29 16:06:32.875 +02:00 [INF] CanStopMonitoring est évalué. IsMonitoring: False
2025-06-29 16:06:32.878 +02:00 [INF] Application démarrée avec succès
2025-06-29 16:09:07.692 +02:00 [INF] Démarrage de l'application...
2025-06-29 16:09:07.733 +02:00 [INF] Initialisation de l'application...
2025-06-29 16:09:07.778 +02:00 [INF] Initialisation du framework terminée...
2025-06-29 16:09:07.778 +02:00 [INF] Application Avalonia construite
2025-06-29 16:09:07.779 +02:00 [INF] Configuration des services...
2025-06-29 16:09:07.788 +02:00 [INF] Construction du conteneur DI...
2025-06-29 16:09:08.117 +02:00 [INF] Démarrage de l'application...
2025-06-29 16:09:08.203 +02:00 [INF] Initialisation du framework terminée...
2025-06-29 16:09:08.517 +02:00 [INF] YouTubeStreamDetector initialisé
2025-06-29 16:09:08.521 +02:00 [INF] MainViewModel initialisé
2025-06-29 16:09:08.523 +02:00 [INF] CanStartMonitoring après changement: True
2025-06-29 16:09:08.523 +02:00 [INF] CanStopMonitoring est évalué. IsMonitoring: False
2025-06-29 16:09:08.523 +02:00 [INF] CanStopMonitoring après changement: False
2025-06-29 16:09:08.538 +02:00 [INF] CanStopMonitoring est évalué. IsMonitoring: False
2025-06-29 16:09:08.538 +02:00 [INF] CanStopMonitoring est évalué. IsMonitoring: False
2025-06-29 16:09:08.542 +02:00 [INF] Application démarrée avec succès
2025-06-29 16:11:18.845 +02:00 [INF] Démarrage de l'application...
2025-06-29 16:11:18.881 +02:00 [INF] Initialisation de l'application...
2025-06-29 16:11:18.921 +02:00 [INF] Initialisation du framework terminée...
2025-06-29 16:11:18.921 +02:00 [INF] Application Avalonia construite
2025-06-29 16:11:18.923 +02:00 [INF] Configuration des services...
2025-06-29 16:11:18.932 +02:00 [INF] Construction du conteneur DI...
2025-06-29 16:11:19.283 +02:00 [INF] Démarrage de l'application...
2025-06-29 16:11:19.370 +02:00 [INF] Initialisation du framework terminée...
2025-06-29 16:11:19.726 +02:00 [INF] YouTubeStreamDetector initialisé
2025-06-29 16:11:19.730 +02:00 [INF] MainViewModel initialisé
2025-06-29 16:11:19.733 +02:00 [INF] CanStartMonitoring après changement: True
2025-06-29 16:11:19.733 +02:00 [INF] CanStopMonitoring est évalué. IsMonitoring: False
2025-06-29 16:11:19.733 +02:00 [INF] CanStopMonitoring après changement: False
2025-06-29 16:11:19.751 +02:00 [INF] CanStopMonitoring est évalué. IsMonitoring: False
2025-06-29 16:11:19.752 +02:00 [INF] CanStopMonitoring est évalué. IsMonitoring: False
2025-06-29 16:11:19.759 +02:00 [INF] Application démarrée avec succès
2025-06-29 16:11:27.742 +02:00 [INF] Vérification des dépendances...
2025-06-29 16:12:52.603 +02:00 [INF] Démarrage de l'application...
2025-06-29 16:12:52.637 +02:00 [INF] Initialisation de l'application...
2025-06-29 16:12:52.679 +02:00 [INF] Initialisation du framework terminée...
2025-06-29 16:12:52.679 +02:00 [INF] Application Avalonia construite
2025-06-29 16:12:52.680 +02:00 [INF] Configuration des services...
2025-06-29 16:12:52.689 +02:00 [INF] Construction du conteneur DI...
2025-06-29 16:12:53.037 +02:00 [INF] Démarrage de l'application...
2025-06-29 16:12:53.124 +02:00 [INF] Initialisation du framework terminée...
2025-06-29 16:12:53.472 +02:00 [INF] YouTubeStreamDetector initialisé
2025-06-29 16:12:53.475 +02:00 [INF] MainViewModel initialisé
2025-06-29 16:12:53.478 +02:00 [INF] CanStartMonitoring après changement: True
2025-06-29 16:12:53.478 +02:00 [INF] CanStopMonitoring est évalué. IsMonitoring: False
2025-06-29 16:12:53.478 +02:00 [INF] CanStopMonitoring après changement: False
2025-06-29 16:12:53.492 +02:00 [INF] CanStopMonitoring est évalué. IsMonitoring: False
2025-06-29 16:12:53.493 +02:00 [INF] CanStopMonitoring est évalué. IsMonitoring: False
2025-06-29 16:12:53.498 +02:00 [INF] Application démarrée avec succès
2025-06-29 16:15:10.741 +02:00 [INF] Démarrage de l'application...
2025-06-29 16:15:10.777 +02:00 [INF] Initialisation de l'application...
2025-06-29 16:15:10.820 +02:00 [INF] Initialisation du framework terminée...
2025-06-29 16:15:10.820 +02:00 [INF] Application Avalonia construite
2025-06-29 16:15:10.821 +02:00 [INF] Configuration des services...
2025-06-29 16:15:10.831 +02:00 [INF] Construction du conteneur DI...
2025-06-29 16:15:11.177 +02:00 [INF] Démarrage de l'application...
2025-06-29 16:15:11.260 +02:00 [INF] Initialisation du framework terminée...
2025-06-29 16:15:11.597 +02:00 [INF] YouTubeStreamDetector initialisé
2025-06-29 16:15:11.600 +02:00 [INF] MainViewModel initialisé
2025-06-29 16:15:11.602 +02:00 [INF] CanStartMonitoring après changement: True
2025-06-29 16:15:11.603 +02:00 [INF] CanStopMonitoring est évalué. IsMonitoring: False
2025-06-29 16:15:11.603 +02:00 [INF] CanStopMonitoring après changement: False
2025-06-29 16:15:11.618 +02:00 [INF] CanStopMonitoring est évalué. IsMonitoring: False
2025-06-29 16:15:11.618 +02:00 [INF] CanStopMonitoring est évalué. IsMonitoring: False
2025-06-29 16:15:11.624 +02:00 [INF] Application démarrée avec succès
2025-06-29 16:16:54.749 +02:00 [INF] Démarrage de l'application...
2025-06-29 16:16:54.790 +02:00 [INF] Initialisation de l'application...
2025-06-29 16:16:54.837 +02:00 [INF] Initialisation du framework terminée...
2025-06-29 16:16:54.838 +02:00 [INF] Application Avalonia construite
2025-06-29 16:16:54.839 +02:00 [INF] Configuration des services...
2025-06-29 16:16:54.849 +02:00 [INF] Construction du conteneur DI...
2025-06-29 16:16:55.231 +02:00 [INF] Démarrage de l'application...
2025-06-29 16:16:55.321 +02:00 [INF] Initialisation du framework terminée...
2025-06-29 16:16:55.672 +02:00 [INF] YouTubeStreamDetector initialisé
2025-06-29 16:16:55.675 +02:00 [INF] MainViewModel initialisé
2025-06-29 16:16:55.677 +02:00 [INF] CanStartMonitoring après changement: True
2025-06-29 16:16:55.678 +02:00 [INF] CanStopMonitoring est évalué. IsMonitoring: False
2025-06-29 16:16:55.678 +02:00 [INF] CanStopMonitoring après changement: False
2025-06-29 16:16:55.695 +02:00 [INF] CanStopMonitoring est évalué. IsMonitoring: False
2025-06-29 16:16:55.695 +02:00 [INF] CanStopMonitoring est évalué. IsMonitoring: False
2025-06-29 16:16:55.701 +02:00 [INF] Application démarrée avec succès
2025-06-29 16:18:27.965 +02:00 [INF] Démarrage de l'application...
2025-06-29 16:18:28.001 +02:00 [INF] Initialisation de l'application...
2025-06-29 16:18:28.041 +02:00 [INF] Initialisation du framework terminée...
2025-06-29 16:18:28.041 +02:00 [INF] Application Avalonia construite
2025-06-29 16:18:28.043 +02:00 [INF] Configuration des services...
2025-06-29 16:18:28.051 +02:00 [INF] Construction du conteneur DI...
2025-06-29 16:18:28.374 +02:00 [INF] Démarrage de l'application...
2025-06-29 16:18:28.460 +02:00 [INF] Initialisation du framework terminée...
2025-06-29 16:18:28.804 +02:00 [INF] YouTubeStreamDetector initialisé
2025-06-29 16:18:28.808 +02:00 [INF] MainViewModel initialisé
2025-06-29 16:18:28.810 +02:00 [INF] CanStartMonitoring après changement: True
2025-06-29 16:18:28.810 +02:00 [INF] CanStopMonitoring est évalué. IsMonitoring: False
2025-06-29 16:18:28.810 +02:00 [INF] CanStopMonitoring après changement: False
2025-06-29 16:18:28.825 +02:00 [INF] CanStopMonitoring est évalué. IsMonitoring: False
2025-06-29 16:18:28.825 +02:00 [INF] CanStopMonitoring est évalué. IsMonitoring: False
2025-06-29 16:18:28.831 +02:00 [INF] Application démarrée avec succès
2025-06-29 16:20:31.104 +02:00 [INF] Démarrage de l'application...
2025-06-29 16:20:31.143 +02:00 [INF] Initialisation de l'application...
2025-06-29 16:20:31.189 +02:00 [INF] Initialisation du framework terminée...
2025-06-29 16:20:31.190 +02:00 [INF] Application Avalonia construite
2025-06-29 16:20:31.191 +02:00 [INF] Configuration des services...
2025-06-29 16:20:31.202 +02:00 [INF] Construction du conteneur DI...
2025-06-29 16:20:31.578 +02:00 [INF] Démarrage de l'application...
2025-06-29 16:20:31.673 +02:00 [INF] Initialisation du framework terminée...
2025-06-29 16:20:32.041 +02:00 [INF] YouTubeStreamDetector initialisé
2025-06-29 16:20:32.045 +02:00 [INF] MainViewModel initialisé
2025-06-29 16:20:32.048 +02:00 [INF] CanStartMonitoring après changement: True
2025-06-29 16:20:32.048 +02:00 [INF] CanStopMonitoring est évalué. IsMonitoring: False
2025-06-29 16:20:32.048 +02:00 [INF] CanStopMonitoring après changement: False
2025-06-29 16:20:32.068 +02:00 [INF] CanStopMonitoring est évalué. IsMonitoring: False
2025-06-29 16:20:32.068 +02:00 [INF] CanStopMonitoring est évalué. IsMonitoring: False
2025-06-29 16:20:32.073 +02:00 [INF] Application démarrée avec succès
2025-06-29 16:21:21.504 +02:00 [INF] Début de la récupération des informations du stream YouTube pour : https://www.youtube.com/@ShishiroBotan
2025-06-29 16:21:22.309 +02:00 [INF] Streamlink trouvé à : C:\Program Files\Streamlink\bin\streamlink.exe
2025-06-29 16:21:22.310 +02:00 [INF] Exécution de streamlink avec les arguments : -j https://www.youtube.com/@ShishiroBotan best
2025-06-29 16:21:22.320 +02:00 [INF] Processus streamlink démarré
2025-06-29 16:21:26.167 +02:00 [INF] Processus streamlink terminé avec le code : 0
2025-06-29 16:21:26.167 +02:00 [INF] Sortie Streamlink (JSON) : {
  "type": "hls",
  "url": "https://manifest.googlevideo.com/api/manifest/hls_playlist/expire/1751228513/ei/AUxhaLz5Beuri9oPwPiN2A8/ip/2a01:e0a:8f1:aac0:45d9:3371:721e:71e6/id/N73VRC1NVLE.1/itag/301/source/yt_live_broadcast/requiressl/yes/ratebypass/yes/live/1/sgoap/gir%3Dyes%3Bitag%3D140/sgovp/gir%3Dyes%3Bitag%3D299/rqh/1/hls_chunk_host/rr2---sn-25glenlz.googlevideo.com/xpc/EgVo2aDSNQ%3D%3D/playlist_duration/30/manifest_duration/30/bui/AY1jyLP4F-ScjqshwnLBPdqZr9WbYZ3YC9G0AJBSjhi6f3tAya6xpr0Jz0oayywrq33tiwkmKlOVmMzg/spc/l3OVKQe6THZ8u2jAxV2D-dOn_OyQRTFTPFIjNgD92paAB3gA5QuKCwc8kJCd5KLqWCw/vprv/1/playlist_type/DVR/initcwndbps/2353750/met/1751206913,/mh/Uq/mm/44/mn/sn-25glenlz/ms/lva/mv/m/mvi/2/pl/45/rms/lva,lva/dover/11/pacing/0/keepalive/yes/fexp/51355912,51514994/mt/1751206359/sparams/expire,ei,ip,id,itag,source,requiressl,ratebypass,live,sgoap,sgovp,rqh,xpc,playlist_duration,manifest_duration,bui,spc,vprv,playlist_type/sig/AJfQdSswRgIhAPK37j1kwxWNnwJCd6CtvklPieOrD1uoUxkxot0l8DGJAiEAggcZFNZvOJLDD9CQh-y4wJpGmzWsU2hyXauO8S20CMQ%3D/lsparams/hls_chunk_host,initcwndbps,met,mh,mm,mn,ms,mv,mvi,pl,rms/lsig/APaTxxMwRQIhAPSo_7jcPuc-yXvbo-t8lXKTdZSUyQmUfwRJCTz6eKXoAiB9I2itXCXNi6EjuS_E_sR5Fh4cm8swtzjrdGyjRP8fPQ%3D%3D/playlist/index.m3u8",
  "headers": {
    "User-Agent": "Mozilla/5.0 (Windows NT 10.0; Win64; x64) AppleWebKit/537.36 (KHTML, like Gecko) Chrome/134.0.0.0 Safari/537.36",
    "Accept-Encoding": "gzip, deflate, br, zstd",
    "Accept": "*/*",
    "Connection": "keep-alive"
  },
  "master": "https://manifest.googlevideo.com/api/manifest/hls_variant/expire/1751228513/ei/AUxhaLz5Beuri9oPwPiN2A8/ip/2a01%3Ae0a%3A8f1%3Aaac0%3A45d9%3A3371%3A721e%3A71e6/id/N73VRC1NVLE.1/source/yt_live_broadcast/requiressl/yes/xpc/EgVo2aDSNQ%3D%3D/hfr/1/playlist_duration/30/manifest_duration/30/maudio/1/bui/AY1jyLP4F-ScjqshwnLBPdqZr9WbYZ3YC9G0AJBSjhi6f3tAya6xpr0Jz0oayywrq33tiwkmKlOVmMzg/spc/l3OVKQe6THZ8u2jAxV2D-dOn_OyQRTFTPFIjNgD92paAB3gA5QuKCwc8kJCd5KLqWCw/vprv/1/go/1/rqh/5/pacing/0/nvgoi/1/ncsapi/1/keepalive/yes/fexp/51355912%2C51514994/dover/11/itag/0/playlist_type/DVR/sparams/expire%2Cei%2Cip%2Cid%2Csource%2Crequiressl%2Cxpc%2Chfr%2Cplaylist_duration%2Cmanifest_duration%2Cmaudio%2Cbui%2Cspc%2Cvprv%2Cgo%2Crqh%2Citag%2Cplaylist_type/sig/AJfQdSswRgIhAPYiH5cZH76xLRGg9VXQ-WtcrV4bXYqTS0TeKFuRpq89AiEAk3VQrCG2lVPdMf9biv0A60Xz_EtwbQSSgNIl40gXYcw%3D/file/index.m3u8",
  "metadata": {
    "id": "N73VRC1NVLE",
    "author": "Botan Ch.\u7345\u767d\u307c\u305f\u3093",
    "category": "Gaming",
    "title": "\u3010\u30ca\u30a4\u30c8\u30ec\u30a4\u30f3\u30113\u4eba\u3067\u591c\u3092\u6e21\u308b\uff01\uff0dELDEN RING NIGHTREIGN\u3010\u7345\u767d\u307c\u305f\u3093/\u30db\u30ed\u30e9\u30a4\u30d6\u3011"
  }
}

2025-06-29 16:21:26.176 +02:00 [INF] Récupération de l'URL du stream pour https://www.youtube.com/@ShishiroBotan
2025-06-29 16:21:28.717 +02:00 [INF] Démarrage de l'enregistrement pour Botan Ch.獅白ぼたん sur YouTube
2025-06-29 16:21:28.717 +02:00 [INF] URL du stream : https://manifest.googlevideo.com/api/manifest/hls_playlist/expire/1751228515/ei/A0xhaMPxIeagvdIP56uI8QI/ip/2a01:e0a:8f1:aac0:45d9:3371:721e:71e6/id/N73VRC1NVLE.1/itag/301/source/yt_live_broadcast/requiressl/yes/ratebypass/yes/live/1/sgoap/gir%3Dyes%3Bitag%3D140/sgovp/gir%3Dyes%3Bitag%3D299/rqh/1/hls_chunk_host/rr1---sn-25ge7nzr.googlevideo.com/xpc/EgVo2aDSNQ%3D%3D/playlist_duration/30/manifest_duration/30/bui/AY1jyLPY3t1vrMqqQlxnJWj0bc5xc5eSq7c3PZn28NU4qn2WYRCHzKJqoIEIEAb22QZfm7sDIrmxA384/spc/l3OVKQy3WHGCpKpAb0GjbcW3UMKxAwaGFQXyrm_PP-hiSlwCSsoyTa3RdGkpcrAw8zU/vprv/1/playlist_type/DVR/initcwndbps/2018750/met/1751206916,/mh/Uq/mm/44/mn/sn-25ge7nzr/ms/lva/mv/m/mvi/1/pl/45/rms/lva,lva/dover/11/pacing/0/keepalive/yes/fexp/51355912/mt/1751206359/sparams/expire,ei,ip,id,itag,source,requiressl,ratebypass,live,sgoap,sgovp,rqh,xpc,playlist_duration,manifest_duration,bui,spc,vprv,playlist_type/sig/AJfQdSswRQIhAPgevD6xR73MVtx8kAy2l0h9DWH0SxKto8MDlAFV62H_AiBhT_3cQAVub6aG3soEPKEuz3JOAIduaTWbKAAjEj2pmA%3D%3D/lsparams/hls_chunk_host,initcwndbps,met,mh,mm,mn,ms,mv,mvi,pl,rms/lsig/APaTxxMwRAIgehCA3IODyuCQp-PsNk7ihxhb5KQV4MuWs4LhZadRzjMCIF6_yrmf1N01o2GrHTbgjtgFtvJvJLFGmw21QvYZW5t9/playlist/index.m3u8
2025-06-29 16:21:28.718 +02:00 [INF] Chemin de sortie : C:\Users\terre\Documents\Strivea\Recordings\YouTube\Botan Ch.獅白ぼたん\Temp\【ナイトレイン】3人で夜を渡る！－ELDEN RING NIGHTREIGN【獅白ぼたん_ホロライブ】_20250629_162128.ts
2025-06-29 16:21:28.771 +02:00 [INF] Enregistrement démarré pour Botan Ch.獅白ぼたん sur YouTube
2025-06-29 16:21:28.772 +02:00 [INF] IsMonitoring a changé: True
2025-06-29 16:21:28.772 +02:00 [INF] CanStopMonitoring est évalué. IsMonitoring: True
2025-06-29 16:21:28.772 +02:00 [INF] CanStartMonitoring après changement: False
2025-06-29 16:21:28.772 +02:00 [INF] CanStopMonitoring est évalué. IsMonitoring: True
2025-06-29 16:21:28.772 +02:00 [INF] CanStopMonitoring après changement: True
2025-06-29 16:24:19.107 +02:00 [INF] Démarrage de l'application...
2025-06-29 16:24:19.153 +02:00 [INF] Initialisation de l'application...
2025-06-29 16:24:19.197 +02:00 [INF] Initialisation du framework terminée...
2025-06-29 16:24:19.197 +02:00 [INF] Application Avalonia construite
2025-06-29 16:24:19.198 +02:00 [INF] Configuration des services...
2025-06-29 16:24:19.208 +02:00 [INF] Construction du conteneur DI...
2025-06-29 16:24:19.687 +02:00 [INF] Démarrage de l'application...
2025-06-29 16:24:19.786 +02:00 [INF] Initialisation du framework terminée...
2025-06-29 16:24:20.167 +02:00 [INF] YouTubeStreamDetector initialisé
2025-06-29 16:24:20.171 +02:00 [INF] MainViewModel initialisé
2025-06-29 16:24:20.174 +02:00 [INF] CanStartMonitoring après changement: True
2025-06-29 16:24:20.174 +02:00 [INF] CanStopMonitoring est évalué. IsMonitoring: False
2025-06-29 16:24:20.174 +02:00 [INF] CanStopMonitoring après changement: False
2025-06-29 16:24:20.198 +02:00 [INF] CanStopMonitoring est évalué. IsMonitoring: False
2025-06-29 16:24:20.198 +02:00 [INF] CanStopMonitoring est évalué. IsMonitoring: False
2025-06-29 16:24:20.203 +02:00 [INF] Application démarrée avec succès
2025-06-29 16:24:24.370 +02:00 [INF] Début de la récupération des informations du stream YouTube pour : https://www.youtube.com/@ShishiroBotan
2025-06-29 16:24:25.152 +02:00 [INF] Streamlink trouvé à : C:\Program Files\Streamlink\bin\streamlink.exe
2025-06-29 16:24:25.152 +02:00 [INF] Exécution de streamlink avec les arguments : -j https://www.youtube.com/@ShishiroBotan best
2025-06-29 16:24:25.155 +02:00 [INF] Processus streamlink démarré
2025-06-29 16:24:27.666 +02:00 [INF] Processus streamlink terminé avec le code : 0
2025-06-29 16:24:27.666 +02:00 [INF] Sortie Streamlink (JSON) : {
  "type": "hls",
  "url": "https://manifest.googlevideo.com/api/manifest/hls_playlist/expire/1751228694/ei/tkxhaMrZIsSmp-oPiN-h0AE/ip/2a01:e0a:8f1:aac0:45d9:3371:721e:71e6/id/N73VRC1NVLE.1/itag/301/source/yt_live_broadcast/requiressl/yes/ratebypass/yes/live/1/sgoap/gir%3Dyes%3Bitag%3D140/sgovp/gir%3Dyes%3Bitag%3D299/rqh/1/hls_chunk_host/rr1---sn-25ge7nzr.googlevideo.com/xpc/EgVo2aDSNQ%3D%3D/playlist_duration/30/manifest_duration/30/bui/AY1jyLOdmiw5ULIEWVT8rXAZNjG7RtTtbgrcXvC_ozYCf0UILlGTTTSXdYoxXEfDbw3kd3yhhrXxIq0W/spc/l3OVKcEc9k5kDg_P0dby2Ua2j1jq-t74fBov2PuqQUeEj6nflFDMZ4MSQFReS0gGHdQ/vprv/1/playlist_type/DVR/initcwndbps/2141250/met/1751207095,/mh/Uq/mm/44/mn/sn-25ge7nzr/ms/lva/mv/m/mvi/1/pl/45/rms/lva,lva/dover/11/pacing/0/keepalive/yes/fexp/51355912/mt/1751206599/sparams/expire,ei,ip,id,itag,source,requiressl,ratebypass,live,sgoap,sgovp,rqh,xpc,playlist_duration,manifest_duration,bui,spc,vprv,playlist_type/sig/AJfQdSswRAIgWRKNsnnyW9vi4Vy2b51y06NNQb1A0T9P1JbzMdvVrsoCIGwOJ-NPYCi8ZEhsUfw8Y9TJBdHUUdmIyilhulYuG2jw/lsparams/hls_chunk_host,initcwndbps,met,mh,mm,mn,ms,mv,mvi,pl,rms/lsig/APaTxxMwRQIgNpB7XzEvR5scfieWN2Gc3OJir5W25FRgVYfNK2DbMf0CIQD2NQTuk48tQgwOERNK83GVBhD5ShZEO8ua7qhH_2D8Ig%3D%3D/playlist/index.m3u8",
  "headers": {
    "User-Agent": "Mozilla/5.0 (Windows NT 10.0; Win64; x64) AppleWebKit/537.36 (KHTML, like Gecko) Chrome/134.0.0.0 Safari/537.36",
    "Accept-Encoding": "gzip, deflate, br, zstd",
    "Accept": "*/*",
    "Connection": "keep-alive"
  },
  "master": "https://manifest.googlevideo.com/api/manifest/hls_variant/expire/1751228694/ei/tkxhaMrZIsSmp-oPiN-h0AE/ip/2a01%3Ae0a%3A8f1%3Aaac0%3A45d9%3A3371%3A721e%3A71e6/id/N73VRC1NVLE.1/source/yt_live_broadcast/requiressl/yes/xpc/EgVo2aDSNQ%3D%3D/tx/51478321/txs/51478320%2C51478321%2C51478322/hfr/1/playlist_duration/30/manifest_duration/30/maudio/1/bui/AY1jyLOdmiw5ULIEWVT8rXAZNjG7RtTtbgrcXvC_ozYCf0UILlGTTTSXdYoxXEfDbw3kd3yhhrXxIq0W/spc/l3OVKcEc9k5kDg_P0dby2Ua2j1jq-t74fBov2PuqQUeEj6nflFDMZ4MSQFReS0gGHdQ/vprv/1/go/1/rqh/5/pacing/0/nvgoi/1/ncsapi/1/keepalive/yes/fexp/51355912/dover/11/itag/0/playlist_type/DVR/sparams/expire%2Cei%2Cip%2Cid%2Csource%2Crequiressl%2Cxpc%2Ctx%2Ctxs%2Chfr%2Cplaylist_duration%2Cmanifest_duration%2Cmaudio%2Cbui%2Cspc%2Cvprv%2Cgo%2Crqh%2Citag%2Cplaylist_type/sig/AJfQdSswRAIgUIbWzLbatWoUZgRKJu7fbtUP3aM63gr5T4B-hoNn8xwCIA3PkgF2Umv-Bbo6lXx7wbLuz4SKbi2XkHhg2HDbNqrt/file/index.m3u8",
  "metadata": {
    "id": "N73VRC1NVLE",
    "author": "Botan Ch.\u7345\u767d\u307c\u305f\u3093",
    "category": "Gaming",
    "title": "\u3010\u30ca\u30a4\u30c8\u30ec\u30a4\u30f3\u30113\u4eba\u3067\u591c\u3092\u6e21\u308b\uff01\uff0dELDEN RING NIGHTREIGN\u3010\u7345\u767d\u307c\u305f\u3093/\u30db\u30ed\u30e9\u30a4\u30d6\u3011"
  }
}

2025-06-29 16:24:27.683 +02:00 [INF] Récupération de l'URL du stream pour https://www.youtube.com/@ShishiroBotan
2025-06-29 16:24:30.127 +02:00 [INF] IsMonitoring a changé: True
2025-06-29 16:24:30.127 +02:00 [INF] CanStopMonitoring est évalué. IsMonitoring: True
2025-06-29 16:24:30.127 +02:00 [INF] CanStartMonitoring après changement: False
2025-06-29 16:24:30.127 +02:00 [INF] CanStopMonitoring est évalué. IsMonitoring: True
2025-06-29 16:24:30.127 +02:00 [INF] CanStopMonitoring après changement: True
2025-06-29 16:24:30.129 +02:00 [INF] Démarrage de l'enregistrement pour Botan Ch.獅白ぼたん sur YouTube
2025-06-29 16:24:30.129 +02:00 [INF] URL du stream : https://manifest.googlevideo.com/api/manifest/hls_playlist/expire/1751228697/ei/uUxhaOqaDtOn6dsPqfyZ8A0/ip/2a01:e0a:8f1:aac0:45d9:3371:721e:71e6/id/N73VRC1NVLE.1/itag/301/source/yt_live_broadcast/requiressl/yes/ratebypass/yes/live/1/sgoap/gir%3Dyes%3Bitag%3D140/sgovp/gir%3Dyes%3Bitag%3D299/rqh/1/hls_chunk_host/rr2---sn-25glenlz.googlevideo.com/xpc/EgVo2aDSNQ%3D%3D/playlist_duration/30/manifest_duration/30/bui/AY1jyLPFdwNtPYdTjuLJZIDeLwbb0GxKnDnOSnsyygmSRrKOellA6wsu_8IbMWyv_1_hq8-hRz-EADjB/spc/l3OVKQ3vCQSiP6fDJI5lrnQNgnlfBMvKKMj36CTiYvJi6Ha9b-Eb5oKZ0nMzIYOkL1c/vprv/1/playlist_type/DVR/initcwndbps/2380000/met/1751207097,/mh/Uq/mm/44/mn/sn-25glenlz/ms/lva/mv/m/mvi/2/pl/45/rms/lva,lva/dover/11/pacing/0/keepalive/yes/fexp/51355912/mt/1751206599/sparams/expire,ei,ip,id,itag,source,requiressl,ratebypass,live,sgoap,sgovp,rqh,xpc,playlist_duration,manifest_duration,bui,spc,vprv,playlist_type/sig/AJfQdSswRAIga3HYs_AKwyK64I0GKVGabheBFWhJ-8Wv2KcClZ0VyH8CIC2IXkpxWkPhm_oh7NwTcLMyo7fd7qmpzT5Tpu7-1WEb/lsparams/hls_chunk_host,initcwndbps,met,mh,mm,mn,ms,mv,mvi,pl,rms/lsig/APaTxxMwRQIgGbm8kN3r626gSg9tEX9vd1JJSkQC2PPtuI0eKIJVd1ECIQD2h_cy1T0brIiUYapSoTwaFnEDE9PHdr7xukBpSXGyZg%3D%3D/playlist/index.m3u8
2025-06-29 16:24:30.129 +02:00 [INF] Chemin de sortie : C:\Users\terre\Documents\Strivea\Recordings\YouTube\Botan Ch.獅白ぼたん\Temp\【ナイトレイン】3人で夜を渡る！－ELDEN RING NIGHTREIGN【獅白ぼたん_ホロライブ】_20250629_162430.ts
2025-06-29 16:24:30.183 +02:00 [INF] Enregistrement démarré pour Botan Ch.獅白ぼたん sur YouTube
2025-06-29 16:28:09.790 +02:00 [INF] Démarrage de l'application...
2025-06-29 16:28:09.851 +02:00 [INF] Initialisation de l'application...
2025-06-29 16:28:09.905 +02:00 [INF] Initialisation du framework terminée...
2025-06-29 16:28:09.905 +02:00 [INF] Application Avalonia construite
2025-06-29 16:28:09.907 +02:00 [INF] Configuration des services...
2025-06-29 16:28:09.916 +02:00 [INF] Construction du conteneur DI...
2025-06-29 16:28:10.394 +02:00 [INF] Démarrage de l'application...
2025-06-29 16:28:10.493 +02:00 [INF] Initialisation du framework terminée...
2025-06-29 16:28:10.880 +02:00 [INF] YouTubeStreamDetector initialisé
2025-06-29 16:28:10.885 +02:00 [INF] MainViewModel initialisé
2025-06-29 16:28:10.888 +02:00 [INF] CanStartMonitoring après changement: True
2025-06-29 16:28:10.888 +02:00 [INF] CanStopMonitoring est évalué. IsMonitoring: False
2025-06-29 16:28:10.888 +02:00 [INF] CanStopMonitoring après changement: False
2025-06-29 16:28:10.908 +02:00 [INF] CanStopMonitoring est évalué. IsMonitoring: False
2025-06-29 16:28:10.911 +02:00 [INF] Application démarrée avec succès
2025-06-29 16:28:14.266 +02:00 [INF] Début de la récupération des informations du stream YouTube pour : https://www.youtube.com/@ShishiroBotan
2025-06-29 16:28:15.059 +02:00 [INF] Streamlink trouvé à : C:\Program Files\Streamlink\bin\streamlink.exe
2025-06-29 16:28:15.059 +02:00 [INF] Exécution de streamlink avec les arguments : -j https://www.youtube.com/@ShishiroBotan best
2025-06-29 16:28:15.063 +02:00 [INF] Processus streamlink démarré
2025-06-29 16:28:17.828 +02:00 [INF] Processus streamlink terminé avec le code : 0
2025-06-29 16:28:17.828 +02:00 [INF] Sortie Streamlink (JSON) : {
  "type": "hls",
  "url": "https://manifest.googlevideo.com/api/manifest/hls_playlist/expire/1751228924/ei/nE1haJrXHrSG9fgPyrjLwQ4/ip/2a01:e0a:8f1:aac0:45d9:3371:721e:71e6/id/N73VRC1NVLE.1/itag/301/source/yt_live_broadcast/requiressl/yes/ratebypass/yes/live/1/sgoap/gir%3Dyes%3Bitag%3D140/sgovp/gir%3Dyes%3Bitag%3D299/rqh/1/hls_chunk_host/rr1---sn-25ge7nzr.googlevideo.com/xpc/EgVo2aDSNQ%3D%3D/playlist_duration/30/manifest_duration/30/bui/AY1jyLM5-Jt0EkYy6blRHXmlL57A2Bscq6tp7WqdoQfLFxoIn-8U70FgkXpQtMPWlAN67-wthTcdm5eF/spc/l3OVKXcuHOctC_Q65UviotvN6U7adEA6vaig4BU-mysYt6lL8StLUTJu5EtoYRH4b4M/vprv/1/playlist_type/DVR/initcwndbps/2047500/met/1751207325,/mh/Uq/mm/44/mn/sn-25ge7nzr/ms/lva/mv/m/mvi/1/pl/45/rms/lva,lva/dover/11/pacing/0/keepalive/yes/fexp/51355912/mt/1751206846/sparams/expire,ei,ip,id,itag,source,requiressl,ratebypass,live,sgoap,sgovp,rqh,xpc,playlist_duration,manifest_duration,bui,spc,vprv,playlist_type/sig/AJfQdSswRQIgSubu4DN0R4T0h_7PqWo27va48UwsNwyduLhX7lm7mgYCIQDLaEC1SewVWNJ4oT3qoFZ0LRb91MNeFa81VzYZOO-jVQ%3D%3D/lsparams/hls_chunk_host,initcwndbps,met,mh,mm,mn,ms,mv,mvi,pl,rms/lsig/APaTxxMwRQIhAIAjat2qcu97zajvsWxsoBrXTX2iVEjnox43jBRURadJAiA88QybKm91BqRLJRRv8tJHf08Z5UqbZDD27sBh9rMvew%3D%3D/playlist/index.m3u8",
  "headers": {
    "User-Agent": "Mozilla/5.0 (Windows NT 10.0; Win64; x64) AppleWebKit/537.36 (KHTML, like Gecko) Chrome/134.0.0.0 Safari/537.36",
    "Accept-Encoding": "gzip, deflate, br, zstd",
    "Accept": "*/*",
    "Connection": "keep-alive"
  },
  "master": "https://manifest.googlevideo.com/api/manifest/hls_variant/expire/1751228924/ei/nE1haJrXHrSG9fgPyrjLwQ4/ip/2a01%3Ae0a%3A8f1%3Aaac0%3A45d9%3A3371%3A721e%3A71e6/id/N73VRC1NVLE.1/source/yt_live_broadcast/requiressl/yes/xpc/EgVo2aDSNQ%3D%3D/hfr/1/playlist_duration/30/manifest_duration/30/maudio/1/bui/AY1jyLM5-Jt0EkYy6blRHXmlL57A2Bscq6tp7WqdoQfLFxoIn-8U70FgkXpQtMPWlAN67-wthTcdm5eF/spc/l3OVKXcuHOctC_Q65UviotvN6U7adEA6vaig4BU-mysYt6lL8StLUTJu5EtoYRH4b4M/vprv/1/go/1/rqh/5/pacing/0/nvgoi/1/ncsapi/1/keepalive/yes/fexp/51355912/dover/11/itag/0/playlist_type/DVR/sparams/expire%2Cei%2Cip%2Cid%2Csource%2Crequiressl%2Cxpc%2Chfr%2Cplaylist_duration%2Cmanifest_duration%2Cmaudio%2Cbui%2Cspc%2Cvprv%2Cgo%2Crqh%2Citag%2Cplaylist_type/sig/AJfQdSswRAIgJsBVf9ejE6IWBT39CgmJZE_E7zDlu5xdBAF_E6aLny4CIBN8anAqFa_er4N0z_xK7seJ4p87UqRvyUXR75WJX7B9/file/index.m3u8",
  "metadata": {
    "id": "N73VRC1NVLE",
    "author": "Botan Ch.\u7345\u767d\u307c\u305f\u3093",
    "category": "Gaming",
    "title": "\u3010\u30ca\u30a4\u30c8\u30ec\u30a4\u30f3\u30113\u4eba\u3067\u591c\u3092\u6e21\u308b\uff01\uff0dELDEN RING NIGHTREIGN\u3010\u7345\u767d\u307c\u305f\u3093/\u30db\u30ed\u30e9\u30a4\u30d6\u3011"
  }
}

2025-06-29 16:28:17.830 +02:00 [INF] Récupération de l'URL du stream pour https://www.youtube.com/@ShishiroBotan
2025-06-29 16:28:20.148 +02:00 [INF] IsMonitoring a changé: True
2025-06-29 16:28:20.148 +02:00 [INF] CanStopMonitoring est évalué. IsMonitoring: True
2025-06-29 16:28:20.148 +02:00 [INF] CanStartMonitoring après changement: False
2025-06-29 16:28:20.148 +02:00 [INF] CanStopMonitoring est évalué. IsMonitoring: True
2025-06-29 16:28:20.148 +02:00 [INF] CanStopMonitoring après changement: True
2025-06-29 16:28:20.151 +02:00 [INF] Démarrage de l'enregistrement pour Botan Ch.獅白ぼたん sur YouTube
2025-06-29 16:28:20.151 +02:00 [INF] URL du stream : https://manifest.googlevideo.com/api/manifest/hls_playlist/expire/1751228927/ei/n01haMytDNHUxN8Pl_bo0AY/ip/2a01:e0a:8f1:aac0:45d9:3371:721e:71e6/id/N73VRC1NVLE.1/itag/301/source/yt_live_broadcast/requiressl/yes/ratebypass/yes/live/1/sgoap/gir%3Dyes%3Bitag%3D140/sgovp/gir%3Dyes%3Bitag%3D299/rqh/1/hls_chunk_host/rr2---sn-25glenlz.googlevideo.com/xpc/EgVo2aDSNQ%3D%3D/playlist_duration/30/manifest_duration/30/bui/AY1jyLOEcrVtdaaekyrnee9MvYoHlGH5h9KA1W0vYPUjcvEebBlLfoxwoRjE8RzrYUyQRRw541BgHm-M/spc/l3OVKcOfJBO4RK3LcDEuyiLvZjbte4xh6XO7PFaiZnAtdjT4ZbKf6Ivn5ZzcM2MGAqU/vprv/1/playlist_type/DVR/initcwndbps/2511250/met/1751207327,/mh/Uq/mm/44/mn/sn-25glenlz/ms/lva/mv/m/mvi/2/pl/45/rms/lva,lva/dover/11/pacing/0/keepalive/yes/fexp/51355912/mt/1751206846/sparams/expire,ei,ip,id,itag,source,requiressl,ratebypass,live,sgoap,sgovp,rqh,xpc,playlist_duration,manifest_duration,bui,spc,vprv,playlist_type/sig/AJfQdSswRAIgQpSdZwytfjTMC2f_TwmtMprmV48fn4BGpayuetoANxwCIHymeg1CQdYTJeIJ0SeJ24gZICnWU-CNiNexQ6tTGiGz/lsparams/hls_chunk_host,initcwndbps,met,mh,mm,mn,ms,mv,mvi,pl,rms/lsig/APaTxxMwRQIhAP7GUxbRk15TMDLGsQhOnZg1RZug_t6m7xZRH7p7EAl9AiBhgmsNrfPqIpL8JORzwJw3t1a7rbxXwyo6FsULzxLV3Q%3D%3D/playlist/index.m3u8
2025-06-29 16:28:20.151 +02:00 [INF] Chemin de sortie : C:\Users\terre\Documents\Strivea\Recordings\YouTube\Botan Ch.獅白ぼたん\Temp\【ナイトレイン】3人で夜を渡る！－ELDEN RING NIGHTREIGN【獅白ぼたん_ホロライブ】_20250629_162820.ts
2025-06-29 16:28:20.204 +02:00 [INF] Enregistrement démarré pour Botan Ch.獅白ぼたん sur YouTube
2025-06-29 16:28:31.348 +02:00 [INF] CanStopMonitoring est évalué. IsMonitoring: True
2025-06-29 16:28:31.349 +02:00 [INF] Arrêt de l'enregistrement pour Botan Ch.獅白ぼたん sur YouTube
2025-06-29 16:28:31.353 +02:00 [INF] Enregistrement terminé pour Botan Ch.獅白ぼたん sur YouTube
2025-06-29 16:28:31.353 +02:00 [INF] Durée : 00:00:11
2025-06-29 16:28:31.353 +02:00 [INF] Taille du fichier : 4 MB
2025-06-29 16:28:31.355 +02:00 [INF] [CONCAT] Début de la concaténation des segments vidéo...
2025-06-29 16:28:31.357 +02:00 [INF] [CONCAT] Fichiers .ts à concaténer (1) :
2025-06-29 16:28:31.357 +02:00 [INF] [CONCAT] - C:\Users\terre\Documents\Strivea\Recordings\YouTube\Botan Ch.獅白ぼたん\Temp\【ナイトレイン】3人で夜を渡る！－ELDEN RING NIGHTREIGN【獅白ぼたん_ホロライブ】_20250629_162820.ts
2025-06-29 16:28:31.360 +02:00 [INF] CanStopMonitoring est évalué. IsMonitoring: True
2025-06-29 16:28:31.361 +02:00 [INF] [CONCAT] Début de la conversion en mp4...
2025-06-29 16:28:31.361 +02:00 [INF] Commande FFmpeg concat+reencode : ffmpeg -f concat -safe 0 -i "C:\Users\terre\Documents\Strivea\Recordings\YouTube\Botan Ch.獅白ぼたん\Temp\TempConcat\concat.txt" -c:v libx264 -c:a aac "C:\Users\terre\Documents\Strivea\Recordings\YouTube\Botan Ch.獅白ぼたん\Temp\TempConcat\output.mp4"
2025-06-29 16:28:38.102 +02:00 [ERR] FFmpeg stderr : ffmpeg version 7.1.1-essentials_build-www.gyan.dev Copyright (c) 2000-2025 the FFmpeg developers
  built with gcc 14.2.0 (Rev1, Built by MSYS2 project)
  configuration: --enable-gpl --enable-version3 --enable-static --disable-w32threads --disable-autodetect --enable-fontconfig --enable-iconv --enable-gnutls --enable-libxml2 --enable-gmp --enable-bzlib --enable-lzma --enable-zlib --enable-libsrt --enable-libssh --enable-libzmq --enable-avisynth --enable-sdl2 --enable-libwebp --enable-libx264 --enable-libx265 --enable-libxvid --enable-libaom --enable-libopenjpeg --enable-libvpx --enable-mediafoundation --enable-libass --enable-libfreetype --enable-libfribidi --enable-libharfbuzz --enable-libvidstab --enable-libvmaf --enable-libzimg --enable-amf --enable-cuda-llvm --enable-cuvid --enable-dxva2 --enable-d3d11va --enable-d3d12va --enable-ffnvcodec --enable-libvpl --enable-nvdec --enable-nvenc --enable-vaapi --enable-libgme --enable-libopenmpt --enable-libopencore-amrwb --enable-libmp3lame --enable-libtheora --enable-libvo-amrwbenc --enable-libgsm --enable-libopencore-amrnb --enable-libopus --enable-libspeex --enable-libvorbis --enable-librubberband
  libavutil      59. 39.100 / 59. 39.100
  libavcodec     61. 19.101 / 61. 19.101
  libavformat    61.  7.100 / 61.  7.100
  libavdevice    61.  3.100 / 61.  3.100
  libavfilter    10.  4.100 / 10.  4.100
  libswscale      8.  3.100 /  8.  3.100
  libswresample   5.  3.100 /  5.  3.100
  libpostproc    58.  3.100 / 58.  3.100
[mpegts @ 0000023a854ab6c0] PES packet size mismatch
[mpegts @ 0000023a854ab6c0] Packet corrupt (stream = 1, dts = 1118466000).
Input #0, concat, from 'C:\Users\terre\Documents\Strivea\Recordings\YouTube\Botan Ch.ç…ç™½ã¼ãŸã‚“\Temp\TempConcat\concat.txt':
  Duration: N/A, start: 0.000000, bitrate: 130 kb/s
  Stream #0:0: Audio: aac (LC) ([15][0][0][0] / 0x000F), 44100 Hz, stereo, fltp, 130 kb/s
  Stream #0:1: Video: h264 (Main) ([27][0][0][0] / 0x001B), yuv420p(tv, bt709, progressive), 1920x1080 [SAR 1:1 DAR 16:9], 60 fps, 60 tbr, 90k tbn
Stream mapping:
  Stream #0:1 -> #0:0 (h264 (native) -> h264 (libx264))
  Stream #0:0 -> #0:1 (aac (native) -> aac (native))
Press [q] to stop, [?] for help
[libx264 @ 0000023a85fd0c00] using SAR=1/1
[libx264 @ 0000023a85fd0c00] using cpu capabilities: MMX2 SSE2Fast SSSE3 SSE4.2 AVX FMA3 BMI2 AVX2 AVX512
[libx264 @ 0000023a85fd0c00] profile High, level 4.2, 4:2:0, 8-bit
[libx264 @ 0000023a85fd0c00] 264 - core 164 r3204 373697b - H.264/MPEG-4 AVC codec - Copyleft 2003-2025 - http://www.videolan.org/x264.html - options: cabac=1 ref=3 deblock=1:0:0 analyse=0x3:0x113 me=hex subme=7 psy=1 psy_rd=1.00:0.00 mixed_ref=1 me_range=16 chroma_me=1 trellis=1 8x8dct=1 cqm=0 deadzone=21,11 fast_pskip=1 chroma_qp_offset=-2 threads=24 lookahead_threads=4 sliced_threads=0 nr=0 decimate=1 interlaced=0 bluray_compat=0 constrained_intra=0 bframes=3 b_pyramid=2 b_adapt=1 b_bias=0 direct=1 weightb=1 open_gop=0 weightp=2 keyint=250 keyint_min=25 scenecut=40 intra_refresh=0 rc_lookahead=40 rc=crf mbtree=1 crf=23.0 qcomp=0.60 qpmin=0 qpmax=69 qpstep=4 ip_ratio=1.40 aq=1:1.00
Output #0, mp4, to 'C:\Users\terre\Documents\Strivea\Recordings\YouTube\Botan Ch.ç…ç™½ã¼ãŸã‚“\Temp\TempConcat\output.mp4':
  Metadata:
    encoder         : Lavf61.7.100
  Stream #0:0: Video: h264 (avc1 / 0x31637661), yuv420p(tv, bt709, progressive), 1920x1080 [SAR 1:1 DAR 16:9], q=2-31, 60 fps, 15360 tbn
      Metadata:
        encoder         : Lavc61.19.101 libx264
      Side data:
        cpb: bitrate max/min/avg: 0/0/0 buffer size: 0 vbv_delay: N/A
  Stream #0:1: Audio: aac (LC) (mp4a / 0x6134706D), 44100 Hz, stereo, fltp, 128 kb/s
      Metadata:
        encoder         : Lavc61.19.101 aac
frame=   15 fps=0.0 q=31.0 size=     256KiB time=00:00:00.21 bitrate=9680.9kbits/s speed=0.425x    
frame=   82 fps= 80 q=31.0 size=    1024KiB time=00:00:01.33 bitrate=6291.7kbits/s speed=1.29x    
frame=  140 fps= 91 q=31.0 size=    1792KiB time=00:00:02.30 bitrate=6382.8kbits/s speed=1.49x    
frame=  194 fps= 94 q=31.0 size=    2304KiB time=00:00:03.20 bitrate=5898.4kbits/s speed=1.55x    
frame=  257 fps=100 q=31.0 size=    3328KiB time=00:00:04.25 bitrate=6414.9kbits/s speed=1.65x    
frame=  326 fps=105 q=31.0 size=    4096KiB time=00:00:05.40 bitrate=6213.9kbits/s speed=1.74x    
frame=  393 fps=109 q=31.0 size=    4864KiB time=00:00:06.51 bitrate=6114.5kbits/s speed=1.81x    
frame=  480 fps=117 q=31.0 size=    5376KiB time=00:00:07.96 bitrate=5528.1kbits/s speed=1.93x    
frame=  575 fps=124 q=31.0 size=    6144KiB time=00:00:09.55 bitrate=5270.4kbits/s speed=2.06x    
frame=  667 fps=130 q=31.0 size=    6400KiB time=00:00:11.08 bitrate=4730.5kbits/s speed=2.15x    
[mpegts @ 0000023a854ab6c0] PES packet size mismatch
[mpegts @ 0000023a854ab6c0] Packet corrupt (stream = 1, dts = 1118466000).
[concat @ 0000023a8549f580] Packet corrupt (stream = 1, dts = 1255500).
[in#0/concat @ 0000023a8549f1c0] corrupt input packet in stream 1
[h264 @ 0000023a8556db80] error while decoding MB 22 22, bytestream -5
[h264 @ 0000023a8556db80] concealing 5547 DC, 5547 AC, 5547 MV errors in P frame
[vist#0:1/h264 @ 0000023a854b2640] [dec:h264 @ 0000023a857703c0] corrupt decoded frame
frame=  758 fps=134 q=31.0 size=    7168KiB time=00:00:12.60 bitrate=4660.4kbits/s speed=2.22x    
[out#0/mp4 @ 0000023a854b39c0] video:7489KiB audio:219KiB subtitle:0KiB other streams:0KiB global headers:0KiB muxing overhead: 0.267600%
frame=  839 fps=141 q=-1.0 Lsize=    7728KiB time=00:00:13.95 bitrate=4538.2kbits/s speed=2.34x    
[libx264 @ 0000023a85fd0c00] frame I:4     Avg QP:21.04  size:132706
[libx264 @ 0000023a85fd0c00] frame P:533   Avg QP:24.78  size: 12041
[libx264 @ 0000023a85fd0c00] frame B:302   Avg QP:29.38  size:  2381
[libx264 @ 0000023a85fd0c00] consecutive B-frames: 50.8%  2.1%  4.6% 42.4%
[libx264 @ 0000023a85fd0c00] mb I  I16..4: 12.8% 57.7% 29.5%
[libx264 @ 0000023a85fd0c00] mb P  I16..4:  2.7%  4.5%  0.3%  P16..4: 25.4%  2.0%  0.8%  0.0%  0.0%    skip:64.2%
[libx264 @ 0000023a85fd0c00] mb B  I16..4:  0.0%  0.1%  0.0%  B16..8: 20.8%  0.4%  0.1%  direct: 0.2%  skip:78.4%  L0:52.0% L1:47.4% BI: 0.6%
[libx264 @ 0000023a85fd0c00] 8x8 transform intra:59.7% inter:78.5%
[libx264 @ 0000023a85fd0c00] coded y,uvDC,uvAC intra: 43.6% 41.7% 4.4% inter: 3.9% 2.9% 0.1%
[libx264 @ 0000023a85fd0c00] i16 v,h,dc,p: 19% 35% 14% 32%
[libx264 @ 0000023a85fd0c00] i8 v,h,dc,ddl,ddr,vr,hd,vl,hu: 23% 26% 22%  4%  4%  4%  5%  5%  7%
[libx264 @ 0000023a85fd0c00] i4 v,h,dc,ddl,ddr,vr,hd,vl,hu: 30% 22% 16%  5%  5%  6%  5%  6%  4%
[libx264 @ 0000023a85fd0c00] i8c dc,h,v,p: 52% 26% 17%  5%
[libx264 @ 0000023a85fd0c00] Weighted P-Frames: Y:0.0% UV:0.0%
[libx264 @ 0000023a85fd0c00] ref P L0: 77.9% 11.7%  8.3%  2.2%
[libx264 @ 0000023a85fd0c00] ref B L0: 89.3% 10.0%  0.7%
[libx264 @ 0000023a85fd0c00] ref B L1: 96.0%  4.0%
[libx264 @ 0000023a85fd0c00] kb/s:4386.69
[aac @ 0000023a8553b4c0] Qavg: 487.275

2025-06-29 16:28:38.115 +02:00 [INF] FFmpeg terminé avec code 0
2025-06-29 16:28:38.115 +02:00 [INF] FFmpeg concat+reencode result: 
[stderr]
ffmpeg version 7.1.1-essentials_build-www.gyan.dev Copyright (c) 2000-2025 the FFmpeg developers
  built with gcc 14.2.0 (Rev1, Built by MSYS2 project)
  configuration: --enable-gpl --enable-version3 --enable-static --disable-w32threads --disable-autodetect --enable-fontconfig --enable-iconv --enable-gnutls --enable-libxml2 --enable-gmp --enable-bzlib --enable-lzma --enable-zlib --enable-libsrt --enable-libssh --enable-libzmq --enable-avisynth --enable-sdl2 --enable-libwebp --enable-libx264 --enable-libx265 --enable-libxvid --enable-libaom --enable-libopenjpeg --enable-libvpx --enable-mediafoundation --enable-libass --enable-libfreetype --enable-libfribidi --enable-libharfbuzz --enable-libvidstab --enable-libvmaf --enable-libzimg --enable-amf --enable-cuda-llvm --enable-cuvid --enable-dxva2 --enable-d3d11va --enable-d3d12va --enable-ffnvcodec --enable-libvpl --enable-nvdec --enable-nvenc --enable-vaapi --enable-libgme --enable-libopenmpt --enable-libopencore-amrwb --enable-libmp3lame --enable-libtheora --enable-libvo-amrwbenc --enable-libgsm --enable-libopencore-amrnb --enable-libopus --enable-libspeex --enable-libvorbis --enable-librubberband
  libavutil      59. 39.100 / 59. 39.100
  libavcodec     61. 19.101 / 61. 19.101
  libavformat    61.  7.100 / 61.  7.100
  libavdevice    61.  3.100 / 61.  3.100
  libavfilter    10.  4.100 / 10.  4.100
  libswscale      8.  3.100 /  8.  3.100
  libswresample   5.  3.100 /  5.  3.100
  libpostproc    58.  3.100 / 58.  3.100
[mpegts @ 0000023a854ab6c0] PES packet size mismatch
[mpegts @ 0000023a854ab6c0] Packet corrupt (stream = 1, dts = 1118466000).
Input #0, concat, from 'C:\Users\terre\Documents\Strivea\Recordings\YouTube\Botan Ch.ç…ç™½ã¼ãŸã‚“\Temp\TempConcat\concat.txt':
  Duration: N/A, start: 0.000000, bitrate: 130 kb/s
  Stream #0:0: Audio: aac (LC) ([15][0][0][0] / 0x000F), 44100 Hz, stereo, fltp, 130 kb/s
  Stream #0:1: Video: h264 (Main) ([27][0][0][0] / 0x001B), yuv420p(tv, bt709, progressive), 1920x1080 [SAR 1:1 DAR 16:9], 60 fps, 60 tbr, 90k tbn
Stream mapping:
  Stream #0:1 -> #0:0 (h264 (native) -> h264 (libx264))
  Stream #0:0 -> #0:1 (aac (native) -> aac (native))
Press [q] to stop, [?] for help
[libx264 @ 0000023a85fd0c00] using SAR=1/1
[libx264 @ 0000023a85fd0c00] using cpu capabilities: MMX2 SSE2Fast SSSE3 SSE4.2 AVX FMA3 BMI2 AVX2 AVX512
[libx264 @ 0000023a85fd0c00] profile High, level 4.2, 4:2:0, 8-bit
[libx264 @ 0000023a85fd0c00] 264 - core 164 r3204 373697b - H.264/MPEG-4 AVC codec - Copyleft 2003-2025 - http://www.videolan.org/x264.html - options: cabac=1 ref=3 deblock=1:0:0 analyse=0x3:0x113 me=hex subme=7 psy=1 psy_rd=1.00:0.00 mixed_ref=1 me_range=16 chroma_me=1 trellis=1 8x8dct=1 cqm=0 deadzone=21,11 fast_pskip=1 chroma_qp_offset=-2 threads=24 lookahead_threads=4 sliced_threads=0 nr=0 decimate=1 interlaced=0 bluray_compat=0 constrained_intra=0 bframes=3 b_pyramid=2 b_adapt=1 b_bias=0 direct=1 weightb=1 open_gop=0 weightp=2 keyint=250 keyint_min=25 scenecut=40 intra_refresh=0 rc_lookahead=40 rc=crf mbtree=1 crf=23.0 qcomp=0.60 qpmin=0 qpmax=69 qpstep=4 ip_ratio=1.40 aq=1:1.00
Output #0, mp4, to 'C:\Users\terre\Documents\Strivea\Recordings\YouTube\Botan Ch.ç…ç™½ã¼ãŸã‚“\Temp\TempConcat\output.mp4':
  Metadata:
    encoder         : Lavf61.7.100
  Stream #0:0: Video: h264 (avc1 / 0x31637661), yuv420p(tv, bt709, progressive), 1920x1080 [SAR 1:1 DAR 16:9], q=2-31, 60 fps, 15360 tbn
      Metadata:
        encoder         : Lavc61.19.101 libx264
      Side data:
        cpb: bitrate max/min/avg: 0/0/0 buffer size: 0 vbv_delay: N/A
  Stream #0:1: Audio: aac (LC) (mp4a / 0x6134706D), 44100 Hz, stereo, fltp, 128 kb/s
      Metadata:
        encoder         : Lavc61.19.101 aac
frame=   15 fps=0.0 q=31.0 size=     256KiB time=00:00:00.21 bitrate=9680.9kbits/s speed=0.425x    
frame=   82 fps= 80 q=31.0 size=    1024KiB time=00:00:01.33 bitrate=6291.7kbits/s speed=1.29x    
frame=  140 fps= 91 q=31.0 size=    1792KiB time=00:00:02.30 bitrate=6382.8kbits/s speed=1.49x    
frame=  194 fps= 94 q=31.0 size=    2304KiB time=00:00:03.20 bitrate=5898.4kbits/s speed=1.55x    
frame=  257 fps=100 q=31.0 size=    3328KiB time=00:00:04.25 bitrate=6414.9kbits/s speed=1.65x    
frame=  326 fps=105 q=31.0 size=    4096KiB time=00:00:05.40 bitrate=6213.9kbits/s speed=1.74x    
frame=  393 fps=109 q=31.0 size=    4864KiB time=00:00:06.51 bitrate=6114.5kbits/s speed=1.81x    
frame=  480 fps=117 q=31.0 size=    5376KiB time=00:00:07.96 bitrate=5528.1kbits/s speed=1.93x    
frame=  575 fps=124 q=31.0 size=    6144KiB time=00:00:09.55 bitrate=5270.4kbits/s speed=2.06x    
frame=  667 fps=130 q=31.0 size=    6400KiB time=00:00:11.08 bitrate=4730.5kbits/s speed=2.15x    
[mpegts @ 0000023a854ab6c0] PES packet size mismatch
[mpegts @ 0000023a854ab6c0] Packet corrupt (stream = 1, dts = 1118466000).
[concat @ 0000023a8549f580] Packet corrupt (stream = 1, dts = 1255500).
[in#0/concat @ 0000023a8549f1c0] corrupt input packet in stream 1
[h264 @ 0000023a8556db80] error while decoding MB 22 22, bytestream -5
[h264 @ 0000023a8556db80] concealing 5547 DC, 5547 AC, 5547 MV errors in P frame
[vist#0:1/h264 @ 0000023a854b2640] [dec:h264 @ 0000023a857703c0] corrupt decoded frame
frame=  758 fps=134 q=31.0 size=    7168KiB time=00:00:12.60 bitrate=4660.4kbits/s speed=2.22x    
[out#0/mp4 @ 0000023a854b39c0] video:7489KiB audio:219KiB subtitle:0KiB other streams:0KiB global headers:0KiB muxing overhead: 0.267600%
frame=  839 fps=141 q=-1.0 Lsize=    7728KiB time=00:00:13.95 bitrate=4538.2kbits/s speed=2.34x    
[libx264 @ 0000023a85fd0c00] frame I:4     Avg QP:21.04  size:132706
[libx264 @ 0000023a85fd0c00] frame P:533   Avg QP:24.78  size: 12041
[libx264 @ 0000023a85fd0c00] frame B:302   Avg QP:29.38  size:  2381
[libx264 @ 0000023a85fd0c00] consecutive B-frames: 50.8%  2.1%  4.6% 42.4%
[libx264 @ 0000023a85fd0c00] mb I  I16..4: 12.8% 57.7% 29.5%
[libx264 @ 0000023a85fd0c00] mb P  I16..4:  2.7%  4.5%  0.3%  P16..4: 25.4%  2.0%  0.8%  0.0%  0.0%    skip:64.2%
[libx264 @ 0000023a85fd0c00] mb B  I16..4:  0.0%  0.1%  0.0%  B16..8: 20.8%  0.4%  0.1%  direct: 0.2%  skip:78.4%  L0:52.0% L1:47.4% BI: 0.6%
[libx264 @ 0000023a85fd0c00] 8x8 transform intra:59.7% inter:78.5%
[libx264 @ 0000023a85fd0c00] coded y,uvDC,uvAC intra: 43.6% 41.7% 4.4% inter: 3.9% 2.9% 0.1%
[libx264 @ 0000023a85fd0c00] i16 v,h,dc,p: 19% 35% 14% 32%
[libx264 @ 0000023a85fd0c00] i8 v,h,dc,ddl,ddr,vr,hd,vl,hu: 23% 26% 22%  4%  4%  4%  5%  5%  7%
[libx264 @ 0000023a85fd0c00] i4 v,h,dc,ddl,ddr,vr,hd,vl,hu: 30% 22% 16%  5%  5%  6%  5%  6%  4%
[libx264 @ 0000023a85fd0c00] i8c dc,h,v,p: 52% 26% 17%  5%
[libx264 @ 0000023a85fd0c00] Weighted P-Frames: Y:0.0% UV:0.0%
[libx264 @ 0000023a85fd0c00] ref P L0: 77.9% 11.7%  8.3%  2.2%
[libx264 @ 0000023a85fd0c00] ref B L0: 89.3% 10.0%  0.7%
[libx264 @ 0000023a85fd0c00] ref B L1: 96.0%  4.0%
[libx264 @ 0000023a85fd0c00] kb/s:4386.69
[aac @ 0000023a8553b4c0] Qavg: 487.275

2025-06-29 16:28:38.117 +02:00 [INF] [CONCAT] Déplacement du fichier final vers : C:\Users\terre\Documents\Strivea\Recordings\YouTube\Botan Ch.獅白ぼたん\【ナイトレイン】3人で夜を渡る！－ELDEN RING NIGHTREIGN【獅白ぼたん_ホロライブ】.mp4
2025-06-29 16:28:38.117 +02:00 [INF] [CONCAT] Fichier final déplacé vers : C:\Users\terre\Documents\Strivea\Recordings\YouTube\Botan Ch.獅白ぼたん\【ナイトレイン】3人で夜を渡る！－ELDEN RING NIGHTREIGN【獅白ぼたん_ホロライブ】.mp4
2025-06-29 16:28:38.117 +02:00 [INF] [CONCAT] Concaténation et conversion terminées avec succès.
2025-06-29 16:28:38.118 +02:00 [INF] CanStopMonitoring est évalué. IsMonitoring: True
2025-06-29 16:28:38.120 +02:00 [INF] IsMonitoring a changé: False
2025-06-29 16:28:38.120 +02:00 [INF] CanStopMonitoring est évalué. IsMonitoring: False
2025-06-29 16:28:38.120 +02:00 [INF] CanStartMonitoring après changement: True
2025-06-29 16:28:38.120 +02:00 [INF] CanStopMonitoring est évalué. IsMonitoring: False
2025-06-29 16:28:38.120 +02:00 [INF] CanStopMonitoring après changement: False
2025-06-29 16:28:38.120 +02:00 [INF] [DEBUG] IsMonitoring forcé à False dans finally StopMonitoringAsync
2025-06-29 16:28:38.120 +02:00 [INF] CanStopMonitoring est évalué. IsMonitoring: False
2025-06-29 16:28:50.768 +02:00 [INF] Début de la récupération des informations du stream YouTube pour : https://www.youtube.com/watch?v=N73VRC1NVLE
2025-06-29 16:28:50.922 +02:00 [INF] Streamlink trouvé à : C:\Program Files\Streamlink\bin\streamlink.exe
2025-06-29 16:28:50.923 +02:00 [INF] Exécution de streamlink avec les arguments : -j https://www.youtube.com/watch?v=N73VRC1NVLE best
2025-06-29 16:28:50.926 +02:00 [INF] Processus streamlink démarré
2025-06-29 16:28:52.855 +02:00 [INF] Processus streamlink terminé avec le code : 0
2025-06-29 16:28:52.855 +02:00 [INF] Sortie Streamlink (JSON) : {
  "type": "hls",
  "url": "https://manifest.googlevideo.com/api/manifest/hls_playlist/expire/1751228959/ei/v01haKvVMf2ip-oPgO-WUQ/ip/2a01:e0a:8f1:aac0:45d9:3371:721e:71e6/id/N73VRC1NVLE.1/itag/301/source/yt_live_broadcast/requiressl/yes/ratebypass/yes/live/1/sgoap/gir%3Dyes%3Bitag%3D140/sgovp/gir%3Dyes%3Bitag%3D299/rqh/1/hls_chunk_host/rr2---sn-25glenlz.googlevideo.com/xpc/EgVo2aDSNQ%3D%3D/playlist_duration/30/manifest_duration/30/bui/AY1jyLPelKK_PsRU-euHTl46ljq63oKajnI74dmvM89m6vcEd7iIooxfgLzSNRFY7I36qSpueoj8euna/spc/l3OVKeLKuu881INK7M1Aw2hEcc1Gceffwl9716x5ZEBvnPaFLS-6ryBOuFO8dRTgDLx5A9gTQ5o/vprv/1/playlist_type/DVR/initcwndbps/2492500/met/1751207360,/mh/Uq/mm/44/mn/sn-25glenlz/ms/lva/mv/m/mvi/2/pl/45/rms/lva,lva/dover/11/pacing/0/keepalive/yes/fexp/51355912/mt/1751206846/sparams/expire,ei,ip,id,itag,source,requiressl,ratebypass,live,sgoap,sgovp,rqh,xpc,playlist_duration,manifest_duration,bui,spc,vprv,playlist_type/sig/AJfQdSswRgIhAOcOT6ftEGUpdbHwCAeCI0mrze_-zeMxq77N3y4zHejiAiEA0nkgUSjcPl6SXbaHcFHfRVf6ExJ-tt4eRaUvACDnly4%3D/lsparams/hls_chunk_host,initcwndbps,met,mh,mm,mn,ms,mv,mvi,pl,rms/lsig/APaTxxMwRQIhAPcZ1FoeLVqokLn4taKKqeQNaXGxEVpmbkKb9-GTxw8GAiAxvEXQGX72VxqFyjp01daetlwm39z6lvYVedRZaKEOYQ%3D%3D/playlist/index.m3u8",
  "headers": {
    "User-Agent": "Mozilla/5.0 (Windows NT 10.0; Win64; x64) AppleWebKit/537.36 (KHTML, like Gecko) Chrome/134.0.0.0 Safari/537.36",
    "Accept-Encoding": "gzip, deflate, br, zstd",
    "Accept": "*/*",
    "Connection": "keep-alive"
  },
  "master": "https://manifest.googlevideo.com/api/manifest/hls_variant/expire/1751228959/ei/v01haKvVMf2ip-oPgO-WUQ/ip/2a01%3Ae0a%3A8f1%3Aaac0%3A45d9%3A3371%3A721e%3A71e6/id/N73VRC1NVLE.1/source/yt_live_broadcast/requiressl/yes/xpc/EgVo2aDSNQ%3D%3D/hfr/1/playlist_duration/30/manifest_duration/30/maudio/1/bui/AY1jyLPelKK_PsRU-euHTl46ljq63oKajnI74dmvM89m6vcEd7iIooxfgLzSNRFY7I36qSpueoj8euna/spc/l3OVKeLKuu881INK7M1Aw2hEcc1Gceffwl9716x5ZEBvnPaFLS-6ryBOuFO8dRTgDLx5A9gTQ5o/vprv/1/go/1/rqh/5/pacing/0/nvgoi/1/ncsapi/1/keepalive/yes/fexp/51355912/dover/11/itag/0/playlist_type/DVR/sparams/expire%2Cei%2Cip%2Cid%2Csource%2Crequiressl%2Cxpc%2Chfr%2Cplaylist_duration%2Cmanifest_duration%2Cmaudio%2Cbui%2Cspc%2Cvprv%2Cgo%2Crqh%2Citag%2Cplaylist_type/sig/AJfQdSswRAIgdUUYR3gO7zIFQqQ_S2BhTTJ5Svayfm8BCN30PSr2r_sCIB0Z7Ru0rfflfbxIwv3IIxmFBFHROlxYAEPf14CpHvSc/file/index.m3u8",
  "metadata": {
    "id": "N73VRC1NVLE",
    "author": "Botan Ch.\u7345\u767d\u307c\u305f\u3093",
    "category": "Gaming",
    "title": "\u3010\u30ca\u30a4\u30c8\u30ec\u30a4\u30f3\u30113\u4eba\u3067\u591c\u3092\u6e21\u308b\uff01\uff0dELDEN RING NIGHTREIGN\u3010\u7345\u767d\u307c\u305f\u3093/\u30db\u30ed\u30e9\u30a4\u30d6\u3011"
  }
}

2025-06-29 16:28:52.865 +02:00 [INF] Récupération de l'URL du stream pour https://www.youtube.com/watch?v=N73VRC1NVLE
2025-06-29 16:28:54.550 +02:00 [INF] IsMonitoring a changé: True
2025-06-29 16:28:54.550 +02:00 [INF] CanStopMonitoring est évalué. IsMonitoring: True
2025-06-29 16:28:54.550 +02:00 [INF] CanStartMonitoring après changement: False
2025-06-29 16:28:54.550 +02:00 [INF] CanStopMonitoring est évalué. IsMonitoring: True
2025-06-29 16:28:54.550 +02:00 [INF] CanStopMonitoring après changement: True
2025-06-29 16:28:54.550 +02:00 [INF] Démarrage de l'enregistrement pour Botan Ch.獅白ぼたん sur YouTube
2025-06-29 16:28:54.551 +02:00 [INF] URL du stream : https://manifest.googlevideo.com/api/manifest/hls_playlist/expire/1751228961/ei/wU1haLHSIumIvdIPmd-F6Aw/ip/2a01:e0a:8f1:aac0:45d9:3371:721e:71e6/id/N73VRC1NVLE.1/itag/301/source/yt_live_broadcast/requiressl/yes/ratebypass/yes/live/1/sgoap/gir%3Dyes%3Bitag%3D140/sgovp/gir%3Dyes%3Bitag%3D299/rqh/1/hls_chunk_host/rr1---sn-25ge7nzr.googlevideo.com/xpc/EgVo2aDSNQ%3D%3D/playlist_duration/30/manifest_duration/30/bui/AY1jyLMesQEDLBSV8U4-DL7y5_2MHTLKr85LzZOXQ94dCYt5WsH_QyQwm6cEqPKfIngiRk4ppgUyF5aF/spc/l3OVKZo9oXWsFVUI7QcYqlGQOivdGNhDBgvrTiBfo2pWkxIqSN6zS9O_lp2iMUguNjjDPERF9Rc/vprv/1/playlist_type/DVR/initcwndbps/2421250/met/1751207362,/mh/Uq/mm/44/mn/sn-25ge7nzr/ms/lva/mv/m/mvi/1/pl/45/rms/lva,lva/dover/11/pacing/0/keepalive/yes/fexp/51355912,51476175/mt/1751206846/sparams/expire,ei,ip,id,itag,source,requiressl,ratebypass,live,sgoap,sgovp,rqh,xpc,playlist_duration,manifest_duration,bui,spc,vprv,playlist_type/sig/AJfQdSswRQIhAMjashJmfRhs4T4iQGm9lQHAz2kK6pN6eEcC0q6CmAVYAiB4tbLgbMZQo28ASo1SG9DiCrJM6-rEE46JxtM9PSX1CA%3D%3D/lsparams/hls_chunk_host,initcwndbps,met,mh,mm,mn,ms,mv,mvi,pl,rms/lsig/APaTxxMwRQIhAIOx8aKgYiF0Ql60LDsd83rj1pyXjtCIv0FoZ9OTQJ9hAiBZDEuVAYtHLKOAQwwP0aEiLQ0QARw_gJF2UBSRrF0-ZA%3D%3D/playlist/index.m3u8
2025-06-29 16:28:54.551 +02:00 [INF] Chemin de sortie : C:\Users\terre\Documents\Strivea\Recordings\YouTube\Botan Ch.獅白ぼたん\Temp\【ナイトレイン】3人で夜を渡る！－ELDEN RING NIGHTREIGN【獅白ぼたん_ホロライブ】_20250629_162854.ts
2025-06-29 16:28:54.610 +02:00 [INF] Enregistrement démarré pour Botan Ch.獅白ぼたん sur YouTube
2025-06-29 16:29:03.103 +02:00 [INF] CanStopMonitoring est évalué. IsMonitoring: True
2025-06-29 16:29:03.103 +02:00 [INF] Arrêt de l'enregistrement pour Botan Ch.獅白ぼたん sur YouTube
2025-06-29 16:29:03.104 +02:00 [INF] Enregistrement terminé pour Botan Ch.獅白ぼたん sur YouTube
2025-06-29 16:29:03.104 +02:00 [INF] Durée : 00:00:08
2025-06-29 16:29:03.104 +02:00 [INF] Taille du fichier : 5 MB
2025-06-29 16:29:03.104 +02:00 [INF] [CONCAT] Début de la concaténation des segments vidéo...
2025-06-29 16:29:03.105 +02:00 [INF] [CONCAT] Fichiers .ts à concaténer (2) :
2025-06-29 16:29:03.105 +02:00 [INF] [CONCAT] - C:\Users\terre\Documents\Strivea\Recordings\YouTube\Botan Ch.獅白ぼたん\Temp\【ナイトレイン】3人で夜を渡る！－ELDEN RING NIGHTREIGN【獅白ぼたん_ホロライブ】_20250629_162820.ts
2025-06-29 16:29:03.105 +02:00 [INF] [CONCAT] - C:\Users\terre\Documents\Strivea\Recordings\YouTube\Botan Ch.獅白ぼたん\Temp\【ナイトレイン】3人で夜を渡る！－ELDEN RING NIGHTREIGN【獅白ぼたん_ホロライブ】_20250629_162854.ts
2025-06-29 16:29:03.111 +02:00 [INF] CanStopMonitoring est évalué. IsMonitoring: True
2025-06-29 16:29:03.111 +02:00 [INF] [CONCAT] Début de la conversion en mp4...
2025-06-29 16:29:03.111 +02:00 [INF] Commande FFmpeg concat+reencode : ffmpeg -f concat -safe 0 -i "C:\Users\terre\Documents\Strivea\Recordings\YouTube\Botan Ch.獅白ぼたん\Temp\TempConcat\concat.txt" -c:v libx264 -c:a aac "C:\Users\terre\Documents\Strivea\Recordings\YouTube\Botan Ch.獅白ぼたん\Temp\TempConcat\output.mp4"
2025-06-29 16:29:17.310 +02:00 [ERR] FFmpeg stderr : ffmpeg version 7.1.1-essentials_build-www.gyan.dev Copyright (c) 2000-2025 the FFmpeg developers
  built with gcc 14.2.0 (Rev1, Built by MSYS2 project)
  configuration: --enable-gpl --enable-version3 --enable-static --disable-w32threads --disable-autodetect --enable-fontconfig --enable-iconv --enable-gnutls --enable-libxml2 --enable-gmp --enable-bzlib --enable-lzma --enable-zlib --enable-libsrt --enable-libssh --enable-libzmq --enable-avisynth --enable-sdl2 --enable-libwebp --enable-libx264 --enable-libx265 --enable-libxvid --enable-libaom --enable-libopenjpeg --enable-libvpx --enable-mediafoundation --enable-libass --enable-libfreetype --enable-libfribidi --enable-libharfbuzz --enable-libvidstab --enable-libvmaf --enable-libzimg --enable-amf --enable-cuda-llvm --enable-cuvid --enable-dxva2 --enable-d3d11va --enable-d3d12va --enable-ffnvcodec --enable-libvpl --enable-nvdec --enable-nvenc --enable-vaapi --enable-libgme --enable-libopenmpt --enable-libopencore-amrwb --enable-libmp3lame --enable-libtheora --enable-libvo-amrwbenc --enable-libgsm --enable-libopencore-amrnb --enable-libopus --enable-libspeex --enable-libvorbis --enable-librubberband
  libavutil      59. 39.100 / 59. 39.100
  libavcodec     61. 19.101 / 61. 19.101
  libavformat    61.  7.100 / 61.  7.100
  libavdevice    61.  3.100 / 61.  3.100
  libavfilter    10.  4.100 / 10.  4.100
  libswscale      8.  3.100 /  8.  3.100
  libswresample   5.  3.100 /  5.  3.100
  libpostproc    58.  3.100 / 58.  3.100
[mpegts @ 000001f7101db6c0] PES packet size mismatch
[mpegts @ 000001f7101db6c0] Packet corrupt (stream = 1, dts = 1118466000).
Input #0, concat, from 'C:\Users\terre\Documents\Strivea\Recordings\YouTube\Botan Ch.ç…ç™½ã¼ãŸã‚“\Temp\TempConcat\concat.txt':
  Duration: N/A, start: 0.000000, bitrate: 130 kb/s
  Stream #0:0: Audio: aac (LC) ([15][0][0][0] / 0x000F), 44100 Hz, stereo, fltp, 130 kb/s
  Stream #0:1: Video: h264 (Main) ([27][0][0][0] / 0x001B), yuv420p(tv, bt709, progressive), 1920x1080 [SAR 1:1 DAR 16:9], 60 fps, 60 tbr, 90k tbn
Stream mapping:
  Stream #0:1 -> #0:0 (h264 (native) -> h264 (libx264))
  Stream #0:0 -> #0:1 (aac (native) -> aac (native))
Press [q] to stop, [?] for help
[libx264 @ 000001f71089e840] using SAR=1/1
[libx264 @ 000001f71089e840] using cpu capabilities: MMX2 SSE2Fast SSSE3 SSE4.2 AVX FMA3 BMI2 AVX2 AVX512
[libx264 @ 000001f71089e840] profile High, level 4.2, 4:2:0, 8-bit
[libx264 @ 000001f71089e840] 264 - core 164 r3204 373697b - H.264/MPEG-4 AVC codec - Copyleft 2003-2025 - http://www.videolan.org/x264.html - options: cabac=1 ref=3 deblock=1:0:0 analyse=0x3:0x113 me=hex subme=7 psy=1 psy_rd=1.00:0.00 mixed_ref=1 me_range=16 chroma_me=1 trellis=1 8x8dct=1 cqm=0 deadzone=21,11 fast_pskip=1 chroma_qp_offset=-2 threads=24 lookahead_threads=4 sliced_threads=0 nr=0 decimate=1 interlaced=0 bluray_compat=0 constrained_intra=0 bframes=3 b_pyramid=2 b_adapt=1 b_bias=0 direct=1 weightb=1 open_gop=0 weightp=2 keyint=250 keyint_min=25 scenecut=40 intra_refresh=0 rc_lookahead=40 rc=crf mbtree=1 crf=23.0 qcomp=0.60 qpmin=0 qpmax=69 qpstep=4 ip_ratio=1.40 aq=1:1.00
Output #0, mp4, to 'C:\Users\terre\Documents\Strivea\Recordings\YouTube\Botan Ch.ç…ç™½ã¼ãŸã‚“\Temp\TempConcat\output.mp4':
  Metadata:
    encoder         : Lavf61.7.100
  Stream #0:0: Video: h264 (avc1 / 0x31637661), yuv420p(tv, bt709, progressive), 1920x1080 [SAR 1:1 DAR 16:9], q=2-31, 60 fps, 15360 tbn
      Metadata:
        encoder         : Lavc61.19.101 libx264
      Side data:
        cpb: bitrate max/min/avg: 0/0/0 buffer size: 0 vbv_delay: N/A
  Stream #0:1: Audio: aac (LC) (mp4a / 0x6134706D), 44100 Hz, stereo, fltp, 128 kb/s
      Metadata:
        encoder         : Lavc61.19.101 aac
frame=   13 fps=0.0 q=31.0 size=       0KiB time=00:00:00.18 bitrate=   2.1kbits/s speed=0.349x    
frame=   63 fps= 61 q=31.0 size=     768KiB time=00:00:01.01 bitrate=6188.7kbits/s speed=0.981x    
frame=  110 fps= 71 q=31.0 size=    1280KiB time=00:00:01.80 bitrate=5825.6kbits/s speed=1.16x    
frame=  160 fps= 78 q=31.0 size=    1792KiB time=00:00:02.63 bitrate=5574.9kbits/s speed=1.28x    
frame=  214 fps= 83 q=31.0 size=    2560KiB time=00:00:03.53 bitrate=5935.4kbits/s speed=1.37x    
frame=  265 fps= 86 q=31.0 size=    3328KiB time=00:00:04.38 bitrate=6219.8kbits/s speed=1.42x    
frame=  321 fps= 89 q=31.0 size=    3840KiB time=00:00:05.31 bitrate=5916.8kbits/s speed=1.47x    
frame=  378 fps= 92 q=31.0 size=    4608KiB time=00:00:06.26 bitrate=6023.8kbits/s speed=1.52x    
frame=  445 fps= 96 q=31.0 size=    5120KiB time=00:00:07.38 bitrate=5680.8kbits/s speed=1.59x    
frame=  519 fps=100 q=31.0 size=    5888KiB time=00:00:08.61 bitrate=5597.9kbits/s speed=1.67x    
frame=  598 fps=105 q=31.0 size=    6144KiB time=00:00:09.93 bitrate=5067.0kbits/s speed=1.75x    
frame=  679 fps=110 q=31.0 size=    6656KiB time=00:00:11.28 bitrate=4832.5kbits/s speed=1.82x    
[mpegts @ 000001f7101db6c0] PES packet size mismatch
[mpegts @ 000001f7101db6c0] Packet corrupt (stream = 1, dts = 1118466000).
[concat @ 000001f7101cf580] Packet corrupt (stream = 1, dts = 1255500).
[in#0/concat @ 000001f7101cf1c0] corrupt input packet in stream 1
[h264 @ 000001f710e325c0] error while decoding MB 22 22, bytestream -5
[h264 @ 000001f710e325c0] concealing 5547 DC, 5547 AC, 5547 MV errors in P frame
frame=  743 fps=111 q=31.0 size=    6912KiB time=00:00:12.35 bitrate=4584.9kbits/s speed=1.84x    
[vist#0:1/h264 @ 000001f710e29040] [dec:h264 @ 000001f71029b0c0] corrupt decoded frame
frame=  801 fps=111 q=31.0 size=    7424KiB time=00:00:13.31 bitrate=4567.0kbits/s speed=1.84x    
frame=  860 fps=111 q=31.0 size=    7936KiB time=00:00:14.30 bitrate=4546.3kbits/s speed=1.84x    
frame=  913 fps=110 q=31.0 size=    8448KiB time=00:00:15.18 bitrate=4558.1kbits/s speed=1.84x    
frame=  968 fps=110 q=31.0 size=    9216KiB time=00:00:16.10 bitrate=4689.3kbits/s speed=1.83x    
frame= 1019 fps=109 q=31.0 size=    9728KiB time=00:00:16.95 bitrate=4701.6kbits/s speed=1.82x    
frame= 1078 fps=110 q=31.0 size=   10496KiB time=00:00:17.93 bitrate=4794.6kbits/s speed=1.82x    
frame= 1127 fps=109 q=31.0 size=   11264KiB time=00:00:18.75 bitrate=4921.3kbits/s speed=1.81x    
frame= 1182 fps=109 q=31.0 size=   12032KiB time=00:00:19.66 bitrate=5011.9kbits/s speed=1.81x    
frame= 1237 fps=109 q=31.0 size=   12544KiB time=00:00:20.58 bitrate=4992.4kbits/s speed=1.81x    
frame= 1298 fps=109 q=31.0 size=   13312KiB time=00:00:21.60 bitrate=5048.7kbits/s speed=1.82x    
frame= 1354 fps=109 q=31.0 size=   14080KiB time=00:00:22.53 bitrate=5118.8kbits/s speed=1.82x    
frame= 1418 fps=110 q=31.0 size=   14592KiB time=00:00:23.60 bitrate=5065.2kbits/s speed=1.83x    
frame= 1462 fps=109 q=31.0 size=   15104KiB time=00:00:24.33 bitrate=5084.9kbits/s speed=1.81x    
frame= 1552 fps=111 q=-1.0 size=   16128KiB time=N/A bitrate=N/A speed=N/A    
[out#0/mp4 @ 000001f7101e2b80] video:15944KiB audio:406KiB subtitle:0KiB other streams:0KiB global headers:0KiB muxing overhead: 0.215763%
frame= 1559 fps=111 q=-1.0 Lsize=   16385KiB time=00:00:25.95 bitrate=5172.6kbits/s speed=1.86x    
[libx264 @ 000001f71089e840] frame I:7     Avg QP:21.41  size:138534
[libx264 @ 000001f71089e840] frame P:1166  Avg QP:25.31  size: 12198
[libx264 @ 000001f71089e840] frame B:386   Avg QP:29.47  size:  2934
[libx264 @ 000001f71089e840] consecutive B-frames: 65.3%  3.1%  6.0% 25.7%
[libx264 @ 000001f71089e840] mb I  I16..4: 11.0% 60.6% 28.4%
[libx264 @ 000001f71089e840] mb P  I16..4:  2.2%  3.9%  0.3%  P16..4: 27.2%  2.0%  0.9%  0.0%  0.0%    skip:63.4%
[libx264 @ 000001f71089e840] mb B  I16..4:  0.1%  0.1%  0.0%  B16..8: 23.2%  0.5%  0.1%  direct: 0.2%  skip:75.7%  L0:52.9% L1:46.2% BI: 0.8%
[libx264 @ 000001f71089e840] 8x8 transform intra:60.4% inter:77.8%
[libx264 @ 000001f71089e840] coded y,uvDC,uvAC intra: 45.4% 43.1% 4.3% inter: 4.8% 3.3% 0.1%
[libx264 @ 000001f71089e840] i16 v,h,dc,p: 20% 35% 14% 31%
[libx264 @ 000001f71089e840] i8 v,h,dc,ddl,ddr,vr,hd,vl,hu: 23% 25% 22%  5%  4%  4%  5%  5%  7%
[libx264 @ 000001f71089e840] i4 v,h,dc,ddl,ddr,vr,hd,vl,hu: 31% 21% 16%  5%  5%  6%  5%  6%  4%
[libx264 @ 000001f71089e840] i8c dc,h,v,p: 52% 26% 17%  5%
[libx264 @ 000001f71089e840] Weighted P-Frames: Y:0.0% UV:0.0%
[libx264 @ 000001f71089e840] ref P L0: 78.6% 12.7%  6.9%  1.8%
[libx264 @ 000001f71089e840] ref B L0: 91.1%  8.3%  0.6%
[libx264 @ 000001f71089e840] ref B L1: 96.9%  3.1%
[libx264 @ 000001f71089e840] kb/s:5026.49
[aac @ 000001f710496d80] Qavg: 504.520

2025-06-29 16:29:17.314 +02:00 [INF] FFmpeg terminé avec code 0
2025-06-29 16:29:17.314 +02:00 [INF] FFmpeg concat+reencode result: 
[stderr]
ffmpeg version 7.1.1-essentials_build-www.gyan.dev Copyright (c) 2000-2025 the FFmpeg developers
  built with gcc 14.2.0 (Rev1, Built by MSYS2 project)
  configuration: --enable-gpl --enable-version3 --enable-static --disable-w32threads --disable-autodetect --enable-fontconfig --enable-iconv --enable-gnutls --enable-libxml2 --enable-gmp --enable-bzlib --enable-lzma --enable-zlib --enable-libsrt --enable-libssh --enable-libzmq --enable-avisynth --enable-sdl2 --enable-libwebp --enable-libx264 --enable-libx265 --enable-libxvid --enable-libaom --enable-libopenjpeg --enable-libvpx --enable-mediafoundation --enable-libass --enable-libfreetype --enable-libfribidi --enable-libharfbuzz --enable-libvidstab --enable-libvmaf --enable-libzimg --enable-amf --enable-cuda-llvm --enable-cuvid --enable-dxva2 --enable-d3d11va --enable-d3d12va --enable-ffnvcodec --enable-libvpl --enable-nvdec --enable-nvenc --enable-vaapi --enable-libgme --enable-libopenmpt --enable-libopencore-amrwb --enable-libmp3lame --enable-libtheora --enable-libvo-amrwbenc --enable-libgsm --enable-libopencore-amrnb --enable-libopus --enable-libspeex --enable-libvorbis --enable-librubberband
  libavutil      59. 39.100 / 59. 39.100
  libavcodec     61. 19.101 / 61. 19.101
  libavformat    61.  7.100 / 61.  7.100
  libavdevice    61.  3.100 / 61.  3.100
  libavfilter    10.  4.100 / 10.  4.100
  libswscale      8.  3.100 /  8.  3.100
  libswresample   5.  3.100 /  5.  3.100
  libpostproc    58.  3.100 / 58.  3.100
[mpegts @ 000001f7101db6c0] PES packet size mismatch
[mpegts @ 000001f7101db6c0] Packet corrupt (stream = 1, dts = 1118466000).
Input #0, concat, from 'C:\Users\terre\Documents\Strivea\Recordings\YouTube\Botan Ch.ç…ç™½ã¼ãŸã‚“\Temp\TempConcat\concat.txt':
  Duration: N/A, start: 0.000000, bitrate: 130 kb/s
  Stream #0:0: Audio: aac (LC) ([15][0][0][0] / 0x000F), 44100 Hz, stereo, fltp, 130 kb/s
  Stream #0:1: Video: h264 (Main) ([27][0][0][0] / 0x001B), yuv420p(tv, bt709, progressive), 1920x1080 [SAR 1:1 DAR 16:9], 60 fps, 60 tbr, 90k tbn
Stream mapping:
  Stream #0:1 -> #0:0 (h264 (native) -> h264 (libx264))
  Stream #0:0 -> #0:1 (aac (native) -> aac (native))
Press [q] to stop, [?] for help
[libx264 @ 000001f71089e840] using SAR=1/1
[libx264 @ 000001f71089e840] using cpu capabilities: MMX2 SSE2Fast SSSE3 SSE4.2 AVX FMA3 BMI2 AVX2 AVX512
[libx264 @ 000001f71089e840] profile High, level 4.2, 4:2:0, 8-bit
[libx264 @ 000001f71089e840] 264 - core 164 r3204 373697b - H.264/MPEG-4 AVC codec - Copyleft 2003-2025 - http://www.videolan.org/x264.html - options: cabac=1 ref=3 deblock=1:0:0 analyse=0x3:0x113 me=hex subme=7 psy=1 psy_rd=1.00:0.00 mixed_ref=1 me_range=16 chroma_me=1 trellis=1 8x8dct=1 cqm=0 deadzone=21,11 fast_pskip=1 chroma_qp_offset=-2 threads=24 lookahead_threads=4 sliced_threads=0 nr=0 decimate=1 interlaced=0 bluray_compat=0 constrained_intra=0 bframes=3 b_pyramid=2 b_adapt=1 b_bias=0 direct=1 weightb=1 open_gop=0 weightp=2 keyint=250 keyint_min=25 scenecut=40 intra_refresh=0 rc_lookahead=40 rc=crf mbtree=1 crf=23.0 qcomp=0.60 qpmin=0 qpmax=69 qpstep=4 ip_ratio=1.40 aq=1:1.00
Output #0, mp4, to 'C:\Users\terre\Documents\Strivea\Recordings\YouTube\Botan Ch.ç…ç™½ã¼ãŸã‚“\Temp\TempConcat\output.mp4':
  Metadata:
    encoder         : Lavf61.7.100
  Stream #0:0: Video: h264 (avc1 / 0x31637661), yuv420p(tv, bt709, progressive), 1920x1080 [SAR 1:1 DAR 16:9], q=2-31, 60 fps, 15360 tbn
      Metadata:
        encoder         : Lavc61.19.101 libx264
      Side data:
        cpb: bitrate max/min/avg: 0/0/0 buffer size: 0 vbv_delay: N/A
  Stream #0:1: Audio: aac (LC) (mp4a / 0x6134706D), 44100 Hz, stereo, fltp, 128 kb/s
      Metadata:
        encoder         : Lavc61.19.101 aac
frame=   13 fps=0.0 q=31.0 size=       0KiB time=00:00:00.18 bitrate=   2.1kbits/s speed=0.349x    
frame=   63 fps= 61 q=31.0 size=     768KiB time=00:00:01.01 bitrate=6188.7kbits/s speed=0.981x    
frame=  110 fps= 71 q=31.0 size=    1280KiB time=00:00:01.80 bitrate=5825.6kbits/s speed=1.16x    
frame=  160 fps= 78 q=31.0 size=    1792KiB time=00:00:02.63 bitrate=5574.9kbits/s speed=1.28x    
frame=  214 fps= 83 q=31.0 size=    2560KiB time=00:00:03.53 bitrate=5935.4kbits/s speed=1.37x    
frame=  265 fps= 86 q=31.0 size=    3328KiB time=00:00:04.38 bitrate=6219.8kbits/s speed=1.42x    
frame=  321 fps= 89 q=31.0 size=    3840KiB time=00:00:05.31 bitrate=5916.8kbits/s speed=1.47x    
frame=  378 fps= 92 q=31.0 size=    4608KiB time=00:00:06.26 bitrate=6023.8kbits/s speed=1.52x    
frame=  445 fps= 96 q=31.0 size=    5120KiB time=00:00:07.38 bitrate=5680.8kbits/s speed=1.59x    
frame=  519 fps=100 q=31.0 size=    5888KiB time=00:00:08.61 bitrate=5597.9kbits/s speed=1.67x    
frame=  598 fps=105 q=31.0 size=    6144KiB time=00:00:09.93 bitrate=5067.0kbits/s speed=1.75x    
frame=  679 fps=110 q=31.0 size=    6656KiB time=00:00:11.28 bitrate=4832.5kbits/s speed=1.82x    
[mpegts @ 000001f7101db6c0] PES packet size mismatch
[mpegts @ 000001f7101db6c0] Packet corrupt (stream = 1, dts = 1118466000).
[concat @ 000001f7101cf580] Packet corrupt (stream = 1, dts = 1255500).
[in#0/concat @ 000001f7101cf1c0] corrupt input packet in stream 1
[h264 @ 000001f710e325c0] error while decoding MB 22 22, bytestream -5
[h264 @ 000001f710e325c0] concealing 5547 DC, 5547 AC, 5547 MV errors in P frame
frame=  743 fps=111 q=31.0 size=    6912KiB time=00:00:12.35 bitrate=4584.9kbits/s speed=1.84x    
[vist#0:1/h264 @ 000001f710e29040] [dec:h264 @ 000001f71029b0c0] corrupt decoded frame
frame=  801 fps=111 q=31.0 size=    7424KiB time=00:00:13.31 bitrate=4567.0kbits/s speed=1.84x    
frame=  860 fps=111 q=31.0 size=    7936KiB time=00:00:14.30 bitrate=4546.3kbits/s speed=1.84x    
frame=  913 fps=110 q=31.0 size=    8448KiB time=00:00:15.18 bitrate=4558.1kbits/s speed=1.84x    
frame=  968 fps=110 q=31.0 size=    9216KiB time=00:00:16.10 bitrate=4689.3kbits/s speed=1.83x    
frame= 1019 fps=109 q=31.0 size=    9728KiB time=00:00:16.95 bitrate=4701.6kbits/s speed=1.82x    
frame= 1078 fps=110 q=31.0 size=   10496KiB time=00:00:17.93 bitrate=4794.6kbits/s speed=1.82x    
frame= 1127 fps=109 q=31.0 size=   11264KiB time=00:00:18.75 bitrate=4921.3kbits/s speed=1.81x    
frame= 1182 fps=109 q=31.0 size=   12032KiB time=00:00:19.66 bitrate=5011.9kbits/s speed=1.81x    
frame= 1237 fps=109 q=31.0 size=   12544KiB time=00:00:20.58 bitrate=4992.4kbits/s speed=1.81x    
frame= 1298 fps=109 q=31.0 size=   13312KiB time=00:00:21.60 bitrate=5048.7kbits/s speed=1.82x    
frame= 1354 fps=109 q=31.0 size=   14080KiB time=00:00:22.53 bitrate=5118.8kbits/s speed=1.82x    
frame= 1418 fps=110 q=31.0 size=   14592KiB time=00:00:23.60 bitrate=5065.2kbits/s speed=1.83x    
frame= 1462 fps=109 q=31.0 size=   15104KiB time=00:00:24.33 bitrate=5084.9kbits/s speed=1.81x    
frame= 1552 fps=111 q=-1.0 size=   16128KiB time=N/A bitrate=N/A speed=N/A    
[out#0/mp4 @ 000001f7101e2b80] video:15944KiB audio:406KiB subtitle:0KiB other streams:0KiB global headers:0KiB muxing overhead: 0.215763%
frame= 1559 fps=111 q=-1.0 Lsize=   16385KiB time=00:00:25.95 bitrate=5172.6kbits/s speed=1.86x    
[libx264 @ 000001f71089e840] frame I:7     Avg QP:21.41  size:138534
[libx264 @ 000001f71089e840] frame P:1166  Avg QP:25.31  size: 12198
[libx264 @ 000001f71089e840] frame B:386   Avg QP:29.47  size:  2934
[libx264 @ 000001f71089e840] consecutive B-frames: 65.3%  3.1%  6.0% 25.7%
[libx264 @ 000001f71089e840] mb I  I16..4: 11.0% 60.6% 28.4%
[libx264 @ 000001f71089e840] mb P  I16..4:  2.2%  3.9%  0.3%  P16..4: 27.2%  2.0%  0.9%  0.0%  0.0%    skip:63.4%
[libx264 @ 000001f71089e840] mb B  I16..4:  0.1%  0.1%  0.0%  B16..8: 23.2%  0.5%  0.1%  direct: 0.2%  skip:75.7%  L0:52.9% L1:46.2% BI: 0.8%
[libx264 @ 000001f71089e840] 8x8 transform intra:60.4% inter:77.8%
[libx264 @ 000001f71089e840] coded y,uvDC,uvAC intra: 45.4% 43.1% 4.3% inter: 4.8% 3.3% 0.1%
[libx264 @ 000001f71089e840] i16 v,h,dc,p: 20% 35% 14% 31%
[libx264 @ 000001f71089e840] i8 v,h,dc,ddl,ddr,vr,hd,vl,hu: 23% 25% 22%  5%  4%  4%  5%  5%  7%
[libx264 @ 000001f71089e840] i4 v,h,dc,ddl,ddr,vr,hd,vl,hu: 31% 21% 16%  5%  5%  6%  5%  6%  4%
[libx264 @ 000001f71089e840] i8c dc,h,v,p: 52% 26% 17%  5%
[libx264 @ 000001f71089e840] Weighted P-Frames: Y:0.0% UV:0.0%
[libx264 @ 000001f71089e840] ref P L0: 78.6% 12.7%  6.9%  1.8%
[libx264 @ 000001f71089e840] ref B L0: 91.1%  8.3%  0.6%
[libx264 @ 000001f71089e840] ref B L1: 96.9%  3.1%
[libx264 @ 000001f71089e840] kb/s:5026.49
[aac @ 000001f710496d80] Qavg: 504.520

2025-06-29 16:29:17.316 +02:00 [INF] [CONCAT] Déplacement du fichier final vers : C:\Users\terre\Documents\Strivea\Recordings\YouTube\Botan Ch.獅白ぼたん\【ナイトレイン】3人で夜を渡る！－ELDEN RING NIGHTREIGN【獅白ぼたん_ホロライブ】.mp4
2025-06-29 16:29:17.318 +02:00 [INF] [CONCAT] Fichier final déplacé vers : C:\Users\terre\Documents\Strivea\Recordings\YouTube\Botan Ch.獅白ぼたん\【ナイトレイン】3人で夜を渡る！－ELDEN RING NIGHTREIGN【獅白ぼたん_ホロライブ】.mp4
2025-06-29 16:29:17.318 +02:00 [INF] [CONCAT] Concaténation et conversion terminées avec succès.
2025-06-29 16:29:17.319 +02:00 [INF] CanStopMonitoring est évalué. IsMonitoring: True
2025-06-29 16:29:17.321 +02:00 [INF] IsMonitoring a changé: False
2025-06-29 16:29:17.322 +02:00 [INF] CanStopMonitoring est évalué. IsMonitoring: False
2025-06-29 16:29:17.322 +02:00 [INF] CanStartMonitoring après changement: True
2025-06-29 16:29:17.322 +02:00 [INF] CanStopMonitoring est évalué. IsMonitoring: False
2025-06-29 16:29:17.322 +02:00 [INF] CanStopMonitoring après changement: False
2025-06-29 16:29:17.322 +02:00 [INF] [DEBUG] IsMonitoring forcé à False dans finally StopMonitoringAsync
2025-06-29 16:29:17.322 +02:00 [INF] CanStopMonitoring est évalué. IsMonitoring: False
2025-06-29 19:48:28.262 +02:00 [INF] Démarrage de l'application...
2025-06-29 19:48:28.304 +02:00 [INF] Initialisation de l'application...
2025-06-29 19:48:28.344 +02:00 [INF] Initialisation du framework terminée...
2025-06-29 19:48:28.344 +02:00 [INF] Application Avalonia construite
2025-06-29 19:48:28.346 +02:00 [INF] Configuration des services...
2025-06-29 19:48:28.354 +02:00 [INF] Construction du conteneur DI...
2025-06-29 19:48:28.740 +02:00 [INF] Démarrage de l'application...
2025-06-29 19:48:28.841 +02:00 [INF] Initialisation du framework terminée...
2025-06-29 19:48:29.212 +02:00 [INF] YouTubeStreamDetector initialisé
2025-06-29 19:48:29.216 +02:00 [INF] MainViewModel initialisé
2025-06-29 19:48:29.218 +02:00 [INF] CanStartMonitoring après changement: True
2025-06-29 19:48:29.218 +02:00 [INF] CanStopMonitoring est évalué. IsMonitoring: False
2025-06-29 19:48:29.218 +02:00 [INF] CanStopMonitoring après changement: False
2025-06-29 19:48:29.235 +02:00 [INF] CanStopMonitoring est évalué. IsMonitoring: False
2025-06-29 19:48:29.237 +02:00 [INF] Application démarrée avec succès
