2025-06-12 15:13:40.480 +02:00 [INF] MainViewModel initialisé
2025-06-12 15:13:45.095 +02:00 [INF] Démarrage de la surveillance : https://www.youtube.com/@KikiraraVivi
2025-06-12 15:13:45.098 +02:00 [INF] Vérification du statut live pour : https://www.youtube.com/@KikiraraVivi
2025-06-12 15:13:45.098 +02:00 [INF] PATH système : C:\Program Files\Eclipse Adoptium\jdk-21.0.2.13-hotspot\bin;C:\Program Files\Common Files\Oracle\Java\javapath;C:\Windows\system32;C:\Windows;C:\Windows\System32\Wbem;C:\Windows\System32\WindowsPowerShell\v1.0\;C:\Windows\System32\OpenSSH\;C:\Program Files\dotnet\;C:\Program Files (x86)\Windows Kits\10\Windows Performance Toolkit\;C:\Program Files\Git\cmd;C:\Program Files\nodejs\;C:\Program Files\Streamlink\bin;C:\Users\terre\OneDrive\Documents\ffmpeg-7.1.1-essentials_build\bin;C:\Users\terre\AppData\Local\Programs\Python\Python312\Scripts\;C:\Users\terre\AppData\Local\Programs\Python\Python312\;C:\Users\terre\AppData\Local\Microsoft\WindowsApps;C:\Users\terre\AppData\Local\Programs\Microsoft VS Code\bin;C:\Users\terre\.dotnet\tools;C:\Users\terre\AppData\Local\GitHubDesktop\bin;C:\Users\terre\AppData\Roaming\npm;C:\Users\terre\AppData\Local\Programs\cursor\resources\app\bin
2025-06-12 15:13:45.099 +02:00 [INF] Test du chemin : C:\Program Files\Eclipse Adoptium\jdk-21.0.2.13-hotspot\bin\streamlink
2025-06-12 15:13:45.099 +02:00 [INF] Test du chemin : C:\Program Files\Common Files\Oracle\Java\javapath\streamlink
2025-06-12 15:13:45.099 +02:00 [INF] Test du chemin : C:\Windows\system32\streamlink
2025-06-12 15:13:45.099 +02:00 [INF] Test du chemin : C:\Windows\streamlink
2025-06-12 15:13:45.100 +02:00 [INF] Test du chemin : C:\Windows\System32\Wbem\streamlink
2025-06-12 15:13:45.100 +02:00 [INF] Test du chemin : C:\Windows\System32\WindowsPowerShell\v1.0\streamlink
2025-06-12 15:13:45.100 +02:00 [INF] Test du chemin : C:\Windows\System32\OpenSSH\streamlink
2025-06-12 15:13:45.100 +02:00 [INF] Test du chemin : C:\Program Files\dotnet\streamlink
2025-06-12 15:13:45.100 +02:00 [INF] Test du chemin : C:\Program Files (x86)\Windows Kits\10\Windows Performance Toolkit\streamlink
2025-06-12 15:13:45.100 +02:00 [INF] Test du chemin : C:\Program Files\Git\cmd\streamlink
2025-06-12 15:13:45.100 +02:00 [INF] Test du chemin : C:\Program Files\nodejs\streamlink
2025-06-12 15:13:45.100 +02:00 [INF] Test du chemin : C:\Program Files\Streamlink\bin\streamlink
2025-06-12 15:13:45.101 +02:00 [INF] Test du chemin : C:\Users\terre\OneDrive\Documents\ffmpeg-7.1.1-essentials_build\bin\streamlink
2025-06-12 15:13:45.101 +02:00 [INF] Test du chemin : C:\Users\terre\AppData\Local\Programs\Python\Python312\Scripts\streamlink
2025-06-12 15:13:45.101 +02:00 [INF] Test du chemin : C:\Users\terre\AppData\Local\Programs\Python\Python312\streamlink
2025-06-12 15:13:45.101 +02:00 [INF] Test du chemin : C:\Users\terre\AppData\Local\Microsoft\WindowsApps\streamlink
2025-06-12 15:13:45.101 +02:00 [INF] Test du chemin : C:\Users\terre\AppData\Local\Programs\Microsoft VS Code\bin\streamlink
2025-06-12 15:13:45.101 +02:00 [INF] Test du chemin : C:\Users\terre\.dotnet\tools\streamlink
2025-06-12 15:13:45.101 +02:00 [INF] Test du chemin : C:\Users\terre\AppData\Local\GitHubDesktop\bin\streamlink
2025-06-12 15:13:45.101 +02:00 [INF] Test du chemin : C:\Users\terre\AppData\Roaming\npm\streamlink
2025-06-12 15:13:45.101 +02:00 [INF] Test du chemin : C:\Users\terre\AppData\Local\Programs\cursor\resources\app\bin\streamlink
2025-06-12 15:13:45.103 +02:00 [INF] Test du chemin : C:\Program Files\streamlink.exe
2025-06-12 15:13:45.103 +02:00 [INF] Test du chemin : C:\Program Files (x86)\streamlink.exe
2025-06-12 15:13:45.103 +02:00 [INF] Test du chemin : C:\Users\terre\AppData\Local\streamlink.exe
2025-06-12 15:13:45.103 +02:00 [INF] Test du chemin : C:\ProgramData\streamlink.exe
2025-06-12 15:13:45.103 +02:00 [INF] Streamlink trouvé dans : C:\Program Files\Streamlink\bin\streamlink.exe
2025-06-12 15:13:45.106 +02:00 [INF] Commande exécutée : C:\Program Files\Streamlink\bin\streamlink.exe https://www.youtube.com/@KikiraraVivi best --stream-url
2025-06-12 15:13:49.357 +02:00 [INF] Sortie streamlink : https://manifest.googlevideo.com/api/manifest/hls_playlist/expire/1749755619/ei/g9JKaP6UKr6Ep-oP0LiqOQ/ip/88.160.164.12/id/oLifioNiAt8.1/itag/301/source/yt_live_broadcast/requiressl/yes/ratebypass/yes/live/1/sgoap/gir%3Dyes%3Bitag%3D140/sgovp/gir%3Dyes%3Bitag%3D299/rqh/1/hls_chunk_host/rr1---sn-25ge7nsd.googlevideo.com/xpc/EgVo2aDSNQ%3D%3D/playlist_duration/30/manifest_duration/30/bui/AY1jyLOPQsrE_A6E9ljgpYujlg4_jS2Lgy7xj1GhmeRWAbtDGtTQmhAcldd7Brmn6JNg5clQQeom5zmf/spc/l3OVKUhGAX-iF7JiRJZv6VHj4idI4PpDjjOTz54_lw5im1sKqf0OvVapFpqkYj29a2g/vprv/1/playlist_type/DVR/initcwndbps/3018750/met/1749734020,/mh/0f/mm/44/mn/sn-25ge7nsd/ms/lva/mv/m/mvi/1/pl/12/rms/lva,lva/dover/11/pacing/0/keepalive/yes/fexp/51355912/mt/1749733516/sparams/expire,ei,ip,id,itag,source,requiressl,ratebypass,live,sgoap,sgovp,rqh,xpc,playlist_duration,manifest_duration,bui,spc,vprv,playlist_type/sig/AJfQdSswRQIhAMfJ-Zp3tNQFX92Jg2yCmaqmxMMzELkpBEbuv6JbegTIAiBN-tlP_4qGmW1ZJM_-S8OXfBjpIgurf58iT8qy8j6jrg%3D%3D/lsparams/hls_chunk_host,initcwndbps,met,mh,mm,mn,ms,mv,mvi,pl,rms/lsig/APaTxxMwRQIhAO9LGcX1syU11JpSegq7iIN69VoAWcz3jzkSQRmEVRXjAiBBkBA_QD01U9tIs3B6SUaCa2F51lrTN8Rq4IB6DWWcOw%3D%3D/playlist/index.m3u8

2025-06-12 15:13:49.357 +02:00 [INF] Stream en direct détecté : False
