2025-06-10 03:12:21.563 +02:00 [INF] MainViewModel initialisé
2025-06-10 03:13:00.329 +02:00 [INF] Démarrage de la surveillance : https://www.youtube.com/@NerissaRavencroft
2025-06-10 03:13:00.331 +02:00 [INF] Vérification du statut live pour : https://www.youtube.com/@NerissaRavencroft
2025-06-10 03:13:00.335 +02:00 [WRN] Exécutable non trouvé : streamlink
2025-06-10 03:13:00.335 +02:00 [ERR] Streamlink non trouvé
2025-06-10 03:14:18.814 +02:00 [INF] Vérification des dépendances...
2025-06-10 03:16:58.725 +02:00 [INF] MainViewModel initialisé
2025-06-10 03:17:05.493 +02:00 [INF] Vérification des dépendances...
2025-06-10 03:24:30.239 +02:00 [INF] MainViewModel initialisé
2025-06-10 03:24:37.827 +02:00 [INF] Vérification des dépendances...
2025-06-10 03:24:43.609 +02:00 [INF] Démarrage de la surveillance : https://www.youtube.com/@NerissaRavencroft
2025-06-10 03:24:43.612 +02:00 [INF] Vérification du statut live pour : https://www.youtube.com/@NerissaRavencroft
2025-06-10 03:24:43.615 +02:00 [WRN] Exécutable non trouvé : streamlink
2025-06-10 03:24:43.615 +02:00 [ERR] Streamlink non trouvé
2025-06-10 03:33:48.767 +02:00 [INF] MainViewModel initialisé
2025-06-10 03:34:00.570 +02:00 [INF] Démarrage de la surveillance : https://www.youtube.com/@NerissaRavencroft
2025-06-10 03:34:00.575 +02:00 [INF] Vérification du statut live pour : https://www.youtube.com/@NerissaRavencroft
2025-06-10 03:34:00.575 +02:00 [INF] PATH système : C:\Program Files\Eclipse Adoptium\jdk-21.0.2.13-hotspot\bin;C:\Program Files\Common Files\Oracle\Java\javapath;C:\Windows\system32;C:\Windows;C:\Windows\System32\Wbem;C:\Windows\System32\WindowsPowerShell\v1.0\;C:\Windows\System32\OpenSSH\;C:\Program Files\dotnet\;C:\Program Files (x86)\Windows Kits\10\Windows Performance Toolkit\;C:\Program Files\Git\cmd;C:\Program Files\nodejs\;C:\Program Files\Streamlink\bin;C:\Users\terre\OneDrive\Documents\ffmpeg-7.1.1-essentials_build\bin;C:\Users\terre\AppData\Local\Programs\Python\Python312\Scripts\;C:\Users\terre\AppData\Local\Programs\Python\Python312\;C:\Users\terre\AppData\Local\Microsoft\WindowsApps;C:\Users\terre\AppData\Local\Programs\Microsoft VS Code\bin;C:\Users\terre\.dotnet\tools;C:\Users\terre\AppData\Local\GitHubDesktop\bin;C:\Users\terre\AppData\Roaming\npm;C:\Users\terre\AppData\Local\Programs\cursor\resources\app\bin
2025-06-10 03:34:00.575 +02:00 [INF] Test du chemin : C:\Program Files\Eclipse Adoptium\jdk-21.0.2.13-hotspot\bin\streamlink
2025-06-10 03:34:00.576 +02:00 [INF] Test du chemin : C:\Program Files\Common Files\Oracle\Java\javapath\streamlink
2025-06-10 03:34:00.576 +02:00 [INF] Test du chemin : C:\Windows\system32\streamlink
2025-06-10 03:34:00.576 +02:00 [INF] Test du chemin : C:\Windows\streamlink
2025-06-10 03:34:00.576 +02:00 [INF] Test du chemin : C:\Windows\System32\Wbem\streamlink
2025-06-10 03:34:00.576 +02:00 [INF] Test du chemin : C:\Windows\System32\WindowsPowerShell\v1.0\streamlink
2025-06-10 03:34:00.576 +02:00 [INF] Test du chemin : C:\Windows\System32\OpenSSH\streamlink
2025-06-10 03:34:00.577 +02:00 [INF] Test du chemin : C:\Program Files\dotnet\streamlink
2025-06-10 03:34:00.577 +02:00 [INF] Test du chemin : C:\Program Files (x86)\Windows Kits\10\Windows Performance Toolkit\streamlink
2025-06-10 03:34:00.577 +02:00 [INF] Test du chemin : C:\Program Files\Git\cmd\streamlink
2025-06-10 03:34:00.577 +02:00 [INF] Test du chemin : C:\Program Files\nodejs\streamlink
2025-06-10 03:34:00.578 +02:00 [INF] Test du chemin : C:\Program Files\Streamlink\bin\streamlink
2025-06-10 03:34:00.579 +02:00 [INF] Test du chemin : C:\Users\terre\OneDrive\Documents\ffmpeg-7.1.1-essentials_build\bin\streamlink
2025-06-10 03:34:00.579 +02:00 [INF] Test du chemin : C:\Users\terre\AppData\Local\Programs\Python\Python312\Scripts\streamlink
2025-06-10 03:34:00.579 +02:00 [INF] Test du chemin : C:\Users\terre\AppData\Local\Programs\Python\Python312\streamlink
2025-06-10 03:34:00.579 +02:00 [INF] Test du chemin : C:\Users\terre\AppData\Local\Microsoft\WindowsApps\streamlink
2025-06-10 03:34:00.579 +02:00 [INF] Test du chemin : C:\Users\terre\AppData\Local\Programs\Microsoft VS Code\bin\streamlink
2025-06-10 03:34:00.579 +02:00 [INF] Test du chemin : C:\Users\terre\.dotnet\tools\streamlink
2025-06-10 03:34:00.579 +02:00 [INF] Test du chemin : C:\Users\terre\AppData\Local\GitHubDesktop\bin\streamlink
2025-06-10 03:34:00.580 +02:00 [INF] Test du chemin : C:\Users\terre\AppData\Roaming\npm\streamlink
2025-06-10 03:34:00.580 +02:00 [INF] Test du chemin : C:\Users\terre\AppData\Local\Programs\cursor\resources\app\bin\streamlink
2025-06-10 03:34:00.581 +02:00 [INF] Test du chemin : C:\Program Files\streamlink.exe
2025-06-10 03:34:00.581 +02:00 [INF] Test du chemin : C:\Program Files (x86)\streamlink.exe
2025-06-10 03:34:00.581 +02:00 [INF] Test du chemin : C:\Users\terre\AppData\Local\streamlink.exe
2025-06-10 03:34:00.582 +02:00 [INF] Test du chemin : C:\ProgramData\streamlink.exe
2025-06-10 03:34:00.582 +02:00 [INF] Streamlink trouvé dans : C:\Program Files\Streamlink\bin\streamlink.exe
2025-06-10 03:34:00.582 +02:00 [INF] Commande exécutée : C:\Program Files\Streamlink\bin\streamlink.exe https://www.youtube.com/@NerissaRavencroft best
2025-06-10 03:34:14.813 +02:00 [INF] Sortie streamlink : [cli][info] Found matching plugin youtube for URL https://www.youtube.com/@NerissaRavencroft
[cli][info] Available streams: 144p (worst), 240p, 360p, 480p, 720p, 1080p (best)
[cli][info] Opening stream: 1080p (hls)
[cli][info] Starting player: C:\Program Files\VideoLAN\VLC\vlc.exe
[cli][info] Player closed
[cli][info] Stream ended
[cli][info] Closing currently open stream...

2025-06-10 03:34:14.814 +02:00 [INF] Récupération de l'URL du stream pour : https://www.youtube.com/@NerissaRavencroft
2025-06-10 03:34:14.814 +02:00 [INF] PATH système : C:\Program Files\Eclipse Adoptium\jdk-21.0.2.13-hotspot\bin;C:\Program Files\Common Files\Oracle\Java\javapath;C:\Windows\system32;C:\Windows;C:\Windows\System32\Wbem;C:\Windows\System32\WindowsPowerShell\v1.0\;C:\Windows\System32\OpenSSH\;C:\Program Files\dotnet\;C:\Program Files (x86)\Windows Kits\10\Windows Performance Toolkit\;C:\Program Files\Git\cmd;C:\Program Files\nodejs\;C:\Program Files\Streamlink\bin;C:\Users\terre\OneDrive\Documents\ffmpeg-7.1.1-essentials_build\bin;C:\Users\terre\AppData\Local\Programs\Python\Python312\Scripts\;C:\Users\terre\AppData\Local\Programs\Python\Python312\;C:\Users\terre\AppData\Local\Microsoft\WindowsApps;C:\Users\terre\AppData\Local\Programs\Microsoft VS Code\bin;C:\Users\terre\.dotnet\tools;C:\Users\terre\AppData\Local\GitHubDesktop\bin;C:\Users\terre\AppData\Roaming\npm;C:\Users\terre\AppData\Local\Programs\cursor\resources\app\bin
2025-06-10 03:34:14.814 +02:00 [INF] Test du chemin : C:\Program Files\Eclipse Adoptium\jdk-21.0.2.13-hotspot\bin\streamlink
2025-06-10 03:34:14.814 +02:00 [INF] Test du chemin : C:\Program Files\Common Files\Oracle\Java\javapath\streamlink
2025-06-10 03:34:14.814 +02:00 [INF] Test du chemin : C:\Windows\system32\streamlink
2025-06-10 03:34:14.814 +02:00 [INF] Test du chemin : C:\Windows\streamlink
2025-06-10 03:34:14.815 +02:00 [INF] Test du chemin : C:\Windows\System32\Wbem\streamlink
2025-06-10 03:34:14.815 +02:00 [INF] Test du chemin : C:\Windows\System32\WindowsPowerShell\v1.0\streamlink
2025-06-10 03:34:14.817 +02:00 [INF] Test du chemin : C:\Windows\System32\OpenSSH\streamlink
2025-06-10 03:34:14.817 +02:00 [INF] Test du chemin : C:\Program Files\dotnet\streamlink
2025-06-10 03:34:14.817 +02:00 [INF] Test du chemin : C:\Program Files (x86)\Windows Kits\10\Windows Performance Toolkit\streamlink
2025-06-10 03:34:14.817 +02:00 [INF] Test du chemin : C:\Program Files\Git\cmd\streamlink
2025-06-10 03:34:14.817 +02:00 [INF] Test du chemin : C:\Program Files\nodejs\streamlink
2025-06-10 03:34:14.817 +02:00 [INF] Test du chemin : C:\Program Files\Streamlink\bin\streamlink
2025-06-10 03:34:14.818 +02:00 [INF] Test du chemin : C:\Users\terre\OneDrive\Documents\ffmpeg-7.1.1-essentials_build\bin\streamlink
2025-06-10 03:34:14.818 +02:00 [INF] Test du chemin : C:\Users\terre\AppData\Local\Programs\Python\Python312\Scripts\streamlink
2025-06-10 03:34:14.818 +02:00 [INF] Test du chemin : C:\Users\terre\AppData\Local\Programs\Python\Python312\streamlink
2025-06-10 03:34:14.818 +02:00 [INF] Test du chemin : C:\Users\terre\AppData\Local\Microsoft\WindowsApps\streamlink
2025-06-10 03:34:14.818 +02:00 [INF] Test du chemin : C:\Users\terre\AppData\Local\Programs\Microsoft VS Code\bin\streamlink
2025-06-10 03:34:14.818 +02:00 [INF] Test du chemin : C:\Users\terre\.dotnet\tools\streamlink
2025-06-10 03:34:14.819 +02:00 [INF] Test du chemin : C:\Users\terre\AppData\Local\GitHubDesktop\bin\streamlink
2025-06-10 03:34:14.819 +02:00 [INF] Test du chemin : C:\Users\terre\AppData\Roaming\npm\streamlink
2025-06-10 03:34:14.819 +02:00 [INF] Test du chemin : C:\Users\terre\AppData\Local\Programs\cursor\resources\app\bin\streamlink
2025-06-10 03:34:14.819 +02:00 [INF] Test du chemin : C:\Program Files\streamlink.exe
2025-06-10 03:34:14.819 +02:00 [INF] Test du chemin : C:\Program Files (x86)\streamlink.exe
2025-06-10 03:34:14.819 +02:00 [INF] Test du chemin : C:\Users\terre\AppData\Local\streamlink.exe
2025-06-10 03:34:14.819 +02:00 [INF] Test du chemin : C:\ProgramData\streamlink.exe
2025-06-10 03:34:14.820 +02:00 [INF] Streamlink trouvé dans : C:\Program Files\Streamlink\bin\streamlink.exe
2025-06-10 03:34:15.834 +02:00 [INF] Démarrage de l'enregistrement pour : https://www.youtube.com/@NerissaRavencroft
2025-06-10 03:34:15.834 +02:00 [INF] Chemin de sortie : C:\Users\terre\OneDrive\Documents\Strivea\Recordings\20250610_033415.ts
2025-06-10 03:34:15.836 +02:00 [INF] PATH système : C:\Program Files\Eclipse Adoptium\jdk-21.0.2.13-hotspot\bin;C:\Program Files\Common Files\Oracle\Java\javapath;C:\Windows\system32;C:\Windows;C:\Windows\System32\Wbem;C:\Windows\System32\WindowsPowerShell\v1.0\;C:\Windows\System32\OpenSSH\;C:\Program Files\dotnet\;C:\Program Files (x86)\Windows Kits\10\Windows Performance Toolkit\;C:\Program Files\Git\cmd;C:\Program Files\nodejs\;C:\Program Files\Streamlink\bin;C:\Users\terre\OneDrive\Documents\ffmpeg-7.1.1-essentials_build\bin;C:\Users\terre\AppData\Local\Programs\Python\Python312\Scripts\;C:\Users\terre\AppData\Local\Programs\Python\Python312\;C:\Users\terre\AppData\Local\Microsoft\WindowsApps;C:\Users\terre\AppData\Local\Programs\Microsoft VS Code\bin;C:\Users\terre\.dotnet\tools;C:\Users\terre\AppData\Local\GitHubDesktop\bin;C:\Users\terre\AppData\Roaming\npm;C:\Users\terre\AppData\Local\Programs\cursor\resources\app\bin
2025-06-10 03:34:15.836 +02:00 [INF] Test du chemin : C:\Program Files\Eclipse Adoptium\jdk-21.0.2.13-hotspot\bin\streamlink
2025-06-10 03:34:15.836 +02:00 [INF] Test du chemin : C:\Program Files\Common Files\Oracle\Java\javapath\streamlink
2025-06-10 03:34:15.836 +02:00 [INF] Test du chemin : C:\Windows\system32\streamlink
2025-06-10 03:34:15.836 +02:00 [INF] Test du chemin : C:\Windows\streamlink
2025-06-10 03:34:15.836 +02:00 [INF] Test du chemin : C:\Windows\System32\Wbem\streamlink
2025-06-10 03:34:15.836 +02:00 [INF] Test du chemin : C:\Windows\System32\WindowsPowerShell\v1.0\streamlink
2025-06-10 03:34:15.836 +02:00 [INF] Test du chemin : C:\Windows\System32\OpenSSH\streamlink
2025-06-10 03:34:15.837 +02:00 [INF] Test du chemin : C:\Program Files\dotnet\streamlink
2025-06-10 03:34:15.837 +02:00 [INF] Test du chemin : C:\Program Files (x86)\Windows Kits\10\Windows Performance Toolkit\streamlink
2025-06-10 03:34:15.837 +02:00 [INF] Test du chemin : C:\Program Files\Git\cmd\streamlink
2025-06-10 03:34:15.837 +02:00 [INF] Test du chemin : C:\Program Files\nodejs\streamlink
2025-06-10 03:34:15.837 +02:00 [INF] Test du chemin : C:\Program Files\Streamlink\bin\streamlink
2025-06-10 03:34:15.837 +02:00 [INF] Test du chemin : C:\Users\terre\OneDrive\Documents\ffmpeg-7.1.1-essentials_build\bin\streamlink
2025-06-10 03:34:15.837 +02:00 [INF] Test du chemin : C:\Users\terre\AppData\Local\Programs\Python\Python312\Scripts\streamlink
2025-06-10 03:34:15.837 +02:00 [INF] Test du chemin : C:\Users\terre\AppData\Local\Programs\Python\Python312\streamlink
2025-06-10 03:34:15.837 +02:00 [INF] Test du chemin : C:\Users\terre\AppData\Local\Microsoft\WindowsApps\streamlink
2025-06-10 03:34:15.838 +02:00 [INF] Test du chemin : C:\Users\terre\AppData\Local\Programs\Microsoft VS Code\bin\streamlink
2025-06-10 03:34:15.838 +02:00 [INF] Test du chemin : C:\Users\terre\.dotnet\tools\streamlink
2025-06-10 03:34:15.838 +02:00 [INF] Test du chemin : C:\Users\terre\AppData\Local\GitHubDesktop\bin\streamlink
2025-06-10 03:34:15.838 +02:00 [INF] Test du chemin : C:\Users\terre\AppData\Roaming\npm\streamlink
2025-06-10 03:34:15.838 +02:00 [INF] Test du chemin : C:\Users\terre\AppData\Local\Programs\cursor\resources\app\bin\streamlink
2025-06-10 03:34:15.838 +02:00 [INF] Test du chemin : C:\Program Files\streamlink.exe
2025-06-10 03:34:15.838 +02:00 [INF] Test du chemin : C:\Program Files (x86)\streamlink.exe
2025-06-10 03:34:15.838 +02:00 [INF] Test du chemin : C:\Users\terre\AppData\Local\streamlink.exe
2025-06-10 03:34:15.838 +02:00 [INF] Test du chemin : C:\ProgramData\streamlink.exe
2025-06-10 03:34:15.839 +02:00 [INF] Streamlink trouvé dans : C:\Program Files\Streamlink\bin\streamlink.exe
2025-06-10 03:34:15.854 +02:00 [INF] Enregistrement démarré : C:\Users\terre\OneDrive\Documents\Strivea\Recordings\20250610_033415.ts\@NerissaRavencroft_20250610_033415.ts
2025-06-10 03:34:15.856 +02:00 [INF] Enregistrement démarré
2025-06-10 03:34:20.961 +02:00 [INF] Arrêt de la surveillance
2025-06-10 03:34:20.962 +02:00 [INF] Arrêt de l'enregistrement
2025-06-10 03:34:20.965 +02:00 [INF] Enregistrement arrêté : C:\Users\terre\OneDrive\Documents\Strivea\Recordings\20250610_033415.ts\@NerissaRavencroft_20250610_033415.ts
2025-06-10 03:34:20.965 +02:00 [INF] Enregistrement arrêté
2025-06-10 03:35:28.868 +02:00 [INF] MainViewModel initialisé
2025-06-10 03:35:32.383 +02:00 [INF] Démarrage de la surveillance : https://www.youtube.com/@NerissaRavencroft
2025-06-10 03:35:32.386 +02:00 [INF] Vérification du statut live pour : https://www.youtube.com/@NerissaRavencroft
2025-06-10 03:35:32.386 +02:00 [INF] PATH système : C:\Program Files\Eclipse Adoptium\jdk-21.0.2.13-hotspot\bin;C:\Program Files\Common Files\Oracle\Java\javapath;C:\Windows\system32;C:\Windows;C:\Windows\System32\Wbem;C:\Windows\System32\WindowsPowerShell\v1.0\;C:\Windows\System32\OpenSSH\;C:\Program Files\dotnet\;C:\Program Files (x86)\Windows Kits\10\Windows Performance Toolkit\;C:\Program Files\Git\cmd;C:\Program Files\nodejs\;C:\Program Files\Streamlink\bin;C:\Users\terre\OneDrive\Documents\ffmpeg-7.1.1-essentials_build\bin;C:\Users\terre\AppData\Local\Programs\Python\Python312\Scripts\;C:\Users\terre\AppData\Local\Programs\Python\Python312\;C:\Users\terre\AppData\Local\Microsoft\WindowsApps;C:\Users\terre\AppData\Local\Programs\Microsoft VS Code\bin;C:\Users\terre\.dotnet\tools;C:\Users\terre\AppData\Local\GitHubDesktop\bin;C:\Users\terre\AppData\Roaming\npm;C:\Users\terre\AppData\Local\Programs\cursor\resources\app\bin
2025-06-10 03:35:32.386 +02:00 [INF] Test du chemin : C:\Program Files\Eclipse Adoptium\jdk-21.0.2.13-hotspot\bin\streamlink
2025-06-10 03:35:32.387 +02:00 [INF] Test du chemin : C:\Program Files\Common Files\Oracle\Java\javapath\streamlink
2025-06-10 03:35:32.387 +02:00 [INF] Test du chemin : C:\Windows\system32\streamlink
2025-06-10 03:35:32.387 +02:00 [INF] Test du chemin : C:\Windows\streamlink
2025-06-10 03:35:32.387 +02:00 [INF] Test du chemin : C:\Windows\System32\Wbem\streamlink
2025-06-10 03:35:32.387 +02:00 [INF] Test du chemin : C:\Windows\System32\WindowsPowerShell\v1.0\streamlink
2025-06-10 03:35:32.387 +02:00 [INF] Test du chemin : C:\Windows\System32\OpenSSH\streamlink
2025-06-10 03:35:32.387 +02:00 [INF] Test du chemin : C:\Program Files\dotnet\streamlink
2025-06-10 03:35:32.387 +02:00 [INF] Test du chemin : C:\Program Files (x86)\Windows Kits\10\Windows Performance Toolkit\streamlink
2025-06-10 03:35:32.388 +02:00 [INF] Test du chemin : C:\Program Files\Git\cmd\streamlink
2025-06-10 03:35:32.388 +02:00 [INF] Test du chemin : C:\Program Files\nodejs\streamlink
2025-06-10 03:35:32.388 +02:00 [INF] Test du chemin : C:\Program Files\Streamlink\bin\streamlink
2025-06-10 03:35:32.388 +02:00 [INF] Test du chemin : C:\Users\terre\OneDrive\Documents\ffmpeg-7.1.1-essentials_build\bin\streamlink
2025-06-10 03:35:32.388 +02:00 [INF] Test du chemin : C:\Users\terre\AppData\Local\Programs\Python\Python312\Scripts\streamlink
2025-06-10 03:35:32.388 +02:00 [INF] Test du chemin : C:\Users\terre\AppData\Local\Programs\Python\Python312\streamlink
2025-06-10 03:35:32.388 +02:00 [INF] Test du chemin : C:\Users\terre\AppData\Local\Microsoft\WindowsApps\streamlink
2025-06-10 03:35:32.388 +02:00 [INF] Test du chemin : C:\Users\terre\AppData\Local\Programs\Microsoft VS Code\bin\streamlink
2025-06-10 03:35:32.389 +02:00 [INF] Test du chemin : C:\Users\terre\.dotnet\tools\streamlink
2025-06-10 03:35:32.389 +02:00 [INF] Test du chemin : C:\Users\terre\AppData\Local\GitHubDesktop\bin\streamlink
2025-06-10 03:35:32.389 +02:00 [INF] Test du chemin : C:\Users\terre\AppData\Roaming\npm\streamlink
2025-06-10 03:35:32.389 +02:00 [INF] Test du chemin : C:\Users\terre\AppData\Local\Programs\cursor\resources\app\bin\streamlink
2025-06-10 03:35:32.390 +02:00 [INF] Test du chemin : C:\Program Files\streamlink.exe
2025-06-10 03:35:32.390 +02:00 [INF] Test du chemin : C:\Program Files (x86)\streamlink.exe
2025-06-10 03:35:32.390 +02:00 [INF] Test du chemin : C:\Users\terre\AppData\Local\streamlink.exe
2025-06-10 03:35:32.390 +02:00 [INF] Test du chemin : C:\ProgramData\streamlink.exe
2025-06-10 03:35:32.390 +02:00 [INF] Streamlink trouvé dans : C:\Program Files\Streamlink\bin\streamlink.exe
2025-06-10 03:35:32.391 +02:00 [INF] Commande exécutée : C:\Program Files\Streamlink\bin\streamlink.exe https://www.youtube.com/@NerissaRavencroft best
2025-06-10 03:35:56.258 +02:00 [INF] Sortie streamlink : [cli][info] Found matching plugin youtube for URL https://www.youtube.com/@NerissaRavencroft
[cli][info] Available streams: 144p (worst), 240p, 360p, 480p, 720p, 1080p (best)
[cli][info] Opening stream: 1080p (hls)
[cli][info] Starting player: C:\Program Files\VideoLAN\VLC\vlc.exe
[cli][info] Player closed
[cli][info] Stream ended
[cli][info] Closing currently open stream...

2025-06-10 03:35:56.259 +02:00 [INF] Récupération de l'URL du stream pour : https://www.youtube.com/@NerissaRavencroft
2025-06-10 03:35:56.259 +02:00 [INF] PATH système : C:\Program Files\Eclipse Adoptium\jdk-21.0.2.13-hotspot\bin;C:\Program Files\Common Files\Oracle\Java\javapath;C:\Windows\system32;C:\Windows;C:\Windows\System32\Wbem;C:\Windows\System32\WindowsPowerShell\v1.0\;C:\Windows\System32\OpenSSH\;C:\Program Files\dotnet\;C:\Program Files (x86)\Windows Kits\10\Windows Performance Toolkit\;C:\Program Files\Git\cmd;C:\Program Files\nodejs\;C:\Program Files\Streamlink\bin;C:\Users\terre\OneDrive\Documents\ffmpeg-7.1.1-essentials_build\bin;C:\Users\terre\AppData\Local\Programs\Python\Python312\Scripts\;C:\Users\terre\AppData\Local\Programs\Python\Python312\;C:\Users\terre\AppData\Local\Microsoft\WindowsApps;C:\Users\terre\AppData\Local\Programs\Microsoft VS Code\bin;C:\Users\terre\.dotnet\tools;C:\Users\terre\AppData\Local\GitHubDesktop\bin;C:\Users\terre\AppData\Roaming\npm;C:\Users\terre\AppData\Local\Programs\cursor\resources\app\bin
2025-06-10 03:35:56.259 +02:00 [INF] Test du chemin : C:\Program Files\Eclipse Adoptium\jdk-21.0.2.13-hotspot\bin\streamlink
2025-06-10 03:35:56.259 +02:00 [INF] Test du chemin : C:\Program Files\Common Files\Oracle\Java\javapath\streamlink
2025-06-10 03:35:56.260 +02:00 [INF] Test du chemin : C:\Windows\system32\streamlink
2025-06-10 03:35:56.260 +02:00 [INF] Test du chemin : C:\Windows\streamlink
2025-06-10 03:35:56.260 +02:00 [INF] Test du chemin : C:\Windows\System32\Wbem\streamlink
2025-06-10 03:35:56.260 +02:00 [INF] Test du chemin : C:\Windows\System32\WindowsPowerShell\v1.0\streamlink
2025-06-10 03:35:56.260 +02:00 [INF] Test du chemin : C:\Windows\System32\OpenSSH\streamlink
2025-06-10 03:35:56.260 +02:00 [INF] Test du chemin : C:\Program Files\dotnet\streamlink
2025-06-10 03:35:56.261 +02:00 [INF] Test du chemin : C:\Program Files (x86)\Windows Kits\10\Windows Performance Toolkit\streamlink
2025-06-10 03:35:56.261 +02:00 [INF] Test du chemin : C:\Program Files\Git\cmd\streamlink
2025-06-10 03:35:56.261 +02:00 [INF] Test du chemin : C:\Program Files\nodejs\streamlink
2025-06-10 03:35:56.261 +02:00 [INF] Test du chemin : C:\Program Files\Streamlink\bin\streamlink
2025-06-10 03:35:56.261 +02:00 [INF] Test du chemin : C:\Users\terre\OneDrive\Documents\ffmpeg-7.1.1-essentials_build\bin\streamlink
2025-06-10 03:35:56.261 +02:00 [INF] Test du chemin : C:\Users\terre\AppData\Local\Programs\Python\Python312\Scripts\streamlink
2025-06-10 03:35:56.261 +02:00 [INF] Test du chemin : C:\Users\terre\AppData\Local\Programs\Python\Python312\streamlink
2025-06-10 03:35:56.261 +02:00 [INF] Test du chemin : C:\Users\terre\AppData\Local\Microsoft\WindowsApps\streamlink
2025-06-10 03:35:56.262 +02:00 [INF] Test du chemin : C:\Users\terre\AppData\Local\Programs\Microsoft VS Code\bin\streamlink
2025-06-10 03:35:56.262 +02:00 [INF] Test du chemin : C:\Users\terre\.dotnet\tools\streamlink
2025-06-10 03:35:56.262 +02:00 [INF] Test du chemin : C:\Users\terre\AppData\Local\GitHubDesktop\bin\streamlink
2025-06-10 03:35:56.262 +02:00 [INF] Test du chemin : C:\Users\terre\AppData\Roaming\npm\streamlink
2025-06-10 03:35:56.262 +02:00 [INF] Test du chemin : C:\Users\terre\AppData\Local\Programs\cursor\resources\app\bin\streamlink
2025-06-10 03:35:56.262 +02:00 [INF] Test du chemin : C:\Program Files\streamlink.exe
2025-06-10 03:35:56.262 +02:00 [INF] Test du chemin : C:\Program Files (x86)\streamlink.exe
2025-06-10 03:35:56.263 +02:00 [INF] Test du chemin : C:\Users\terre\AppData\Local\streamlink.exe
2025-06-10 03:35:56.263 +02:00 [INF] Test du chemin : C:\ProgramData\streamlink.exe
2025-06-10 03:35:56.263 +02:00 [INF] Streamlink trouvé dans : C:\Program Files\Streamlink\bin\streamlink.exe
2025-06-10 03:35:57.274 +02:00 [INF] Démarrage de l'enregistrement pour : https://www.youtube.com/@NerissaRavencroft
2025-06-10 03:35:57.274 +02:00 [INF] Chemin de sortie : C:\Users\terre\OneDrive\Documents\Strivea\Recordings\20250610_033557.ts
2025-06-10 03:35:57.275 +02:00 [INF] PATH système : C:\Program Files\Eclipse Adoptium\jdk-21.0.2.13-hotspot\bin;C:\Program Files\Common Files\Oracle\Java\javapath;C:\Windows\system32;C:\Windows;C:\Windows\System32\Wbem;C:\Windows\System32\WindowsPowerShell\v1.0\;C:\Windows\System32\OpenSSH\;C:\Program Files\dotnet\;C:\Program Files (x86)\Windows Kits\10\Windows Performance Toolkit\;C:\Program Files\Git\cmd;C:\Program Files\nodejs\;C:\Program Files\Streamlink\bin;C:\Users\terre\OneDrive\Documents\ffmpeg-7.1.1-essentials_build\bin;C:\Users\terre\AppData\Local\Programs\Python\Python312\Scripts\;C:\Users\terre\AppData\Local\Programs\Python\Python312\;C:\Users\terre\AppData\Local\Microsoft\WindowsApps;C:\Users\terre\AppData\Local\Programs\Microsoft VS Code\bin;C:\Users\terre\.dotnet\tools;C:\Users\terre\AppData\Local\GitHubDesktop\bin;C:\Users\terre\AppData\Roaming\npm;C:\Users\terre\AppData\Local\Programs\cursor\resources\app\bin
2025-06-10 03:35:57.275 +02:00 [INF] Test du chemin : C:\Program Files\Eclipse Adoptium\jdk-21.0.2.13-hotspot\bin\streamlink
2025-06-10 03:35:57.275 +02:00 [INF] Test du chemin : C:\Program Files\Common Files\Oracle\Java\javapath\streamlink
2025-06-10 03:35:57.275 +02:00 [INF] Test du chemin : C:\Windows\system32\streamlink
2025-06-10 03:35:57.275 +02:00 [INF] Test du chemin : C:\Windows\streamlink
2025-06-10 03:35:57.275 +02:00 [INF] Test du chemin : C:\Windows\System32\Wbem\streamlink
2025-06-10 03:35:57.275 +02:00 [INF] Test du chemin : C:\Windows\System32\WindowsPowerShell\v1.0\streamlink
2025-06-10 03:35:57.275 +02:00 [INF] Test du chemin : C:\Windows\System32\OpenSSH\streamlink
2025-06-10 03:35:57.276 +02:00 [INF] Test du chemin : C:\Program Files\dotnet\streamlink
2025-06-10 03:35:57.276 +02:00 [INF] Test du chemin : C:\Program Files (x86)\Windows Kits\10\Windows Performance Toolkit\streamlink
2025-06-10 03:35:57.276 +02:00 [INF] Test du chemin : C:\Program Files\Git\cmd\streamlink
2025-06-10 03:35:57.276 +02:00 [INF] Test du chemin : C:\Program Files\nodejs\streamlink
2025-06-10 03:35:57.276 +02:00 [INF] Test du chemin : C:\Program Files\Streamlink\bin\streamlink
2025-06-10 03:35:57.276 +02:00 [INF] Test du chemin : C:\Users\terre\OneDrive\Documents\ffmpeg-7.1.1-essentials_build\bin\streamlink
2025-06-10 03:35:57.276 +02:00 [INF] Test du chemin : C:\Users\terre\AppData\Local\Programs\Python\Python312\Scripts\streamlink
2025-06-10 03:35:57.276 +02:00 [INF] Test du chemin : C:\Users\terre\AppData\Local\Programs\Python\Python312\streamlink
2025-06-10 03:35:57.276 +02:00 [INF] Test du chemin : C:\Users\terre\AppData\Local\Microsoft\WindowsApps\streamlink
2025-06-10 03:35:57.276 +02:00 [INF] Test du chemin : C:\Users\terre\AppData\Local\Programs\Microsoft VS Code\bin\streamlink
2025-06-10 03:35:57.277 +02:00 [INF] Test du chemin : C:\Users\terre\.dotnet\tools\streamlink
2025-06-10 03:35:57.277 +02:00 [INF] Test du chemin : C:\Users\terre\AppData\Local\GitHubDesktop\bin\streamlink
2025-06-10 03:35:57.277 +02:00 [INF] Test du chemin : C:\Users\terre\AppData\Roaming\npm\streamlink
2025-06-10 03:35:57.277 +02:00 [INF] Test du chemin : C:\Users\terre\AppData\Local\Programs\cursor\resources\app\bin\streamlink
2025-06-10 03:35:57.277 +02:00 [INF] Test du chemin : C:\Program Files\streamlink.exe
2025-06-10 03:35:57.277 +02:00 [INF] Test du chemin : C:\Program Files (x86)\streamlink.exe
2025-06-10 03:35:57.277 +02:00 [INF] Test du chemin : C:\Users\terre\AppData\Local\streamlink.exe
2025-06-10 03:35:57.277 +02:00 [INF] Test du chemin : C:\ProgramData\streamlink.exe
2025-06-10 03:35:57.277 +02:00 [INF] Streamlink trouvé dans : C:\Program Files\Streamlink\bin\streamlink.exe
2025-06-10 03:35:57.289 +02:00 [INF] Enregistrement démarré : C:\Users\terre\OneDrive\Documents\Strivea\Recordings\20250610_033557.ts\@NerissaRavencroft_20250610_033557.ts
2025-06-10 03:35:57.290 +02:00 [INF] Enregistrement démarré
2025-06-10 03:36:07.269 +02:00 [INF] Arrêt de la surveillance
2025-06-10 03:36:07.270 +02:00 [INF] Arrêt de l'enregistrement
2025-06-10 03:36:07.272 +02:00 [INF] Enregistrement arrêté : C:\Users\terre\OneDrive\Documents\Strivea\Recordings\20250610_033557.ts\@NerissaRavencroft_20250610_033557.ts
2025-06-10 03:36:07.272 +02:00 [INF] Enregistrement arrêté
2025-06-10 03:37:10.727 +02:00 [INF] MainViewModel initialisé
2025-06-10 03:37:19.104 +02:00 [INF] Démarrage de la surveillance : https://www.youtube.com/@NerissaRavencroft
2025-06-10 03:37:19.107 +02:00 [INF] Vérification du statut live pour : https://www.youtube.com/@NerissaRavencroft
2025-06-10 03:37:19.107 +02:00 [INF] PATH système : C:\Program Files\Eclipse Adoptium\jdk-21.0.2.13-hotspot\bin;C:\Program Files\Common Files\Oracle\Java\javapath;C:\Windows\system32;C:\Windows;C:\Windows\System32\Wbem;C:\Windows\System32\WindowsPowerShell\v1.0\;C:\Windows\System32\OpenSSH\;C:\Program Files\dotnet\;C:\Program Files (x86)\Windows Kits\10\Windows Performance Toolkit\;C:\Program Files\Git\cmd;C:\Program Files\nodejs\;C:\Program Files\Streamlink\bin;C:\Users\terre\OneDrive\Documents\ffmpeg-7.1.1-essentials_build\bin;C:\Users\terre\AppData\Local\Programs\Python\Python312\Scripts\;C:\Users\terre\AppData\Local\Programs\Python\Python312\;C:\Users\terre\AppData\Local\Microsoft\WindowsApps;C:\Users\terre\AppData\Local\Programs\Microsoft VS Code\bin;C:\Users\terre\.dotnet\tools;C:\Users\terre\AppData\Local\GitHubDesktop\bin;C:\Users\terre\AppData\Roaming\npm;C:\Users\terre\AppData\Local\Programs\cursor\resources\app\bin
2025-06-10 03:37:19.107 +02:00 [INF] Test du chemin : C:\Program Files\Eclipse Adoptium\jdk-21.0.2.13-hotspot\bin\streamlink
2025-06-10 03:37:19.107 +02:00 [INF] Test du chemin : C:\Program Files\Common Files\Oracle\Java\javapath\streamlink
2025-06-10 03:37:19.108 +02:00 [INF] Test du chemin : C:\Windows\system32\streamlink
2025-06-10 03:37:19.108 +02:00 [INF] Test du chemin : C:\Windows\streamlink
2025-06-10 03:37:19.108 +02:00 [INF] Test du chemin : C:\Windows\System32\Wbem\streamlink
2025-06-10 03:37:19.108 +02:00 [INF] Test du chemin : C:\Windows\System32\WindowsPowerShell\v1.0\streamlink
2025-06-10 03:37:19.108 +02:00 [INF] Test du chemin : C:\Windows\System32\OpenSSH\streamlink
2025-06-10 03:37:19.108 +02:00 [INF] Test du chemin : C:\Program Files\dotnet\streamlink
2025-06-10 03:37:19.108 +02:00 [INF] Test du chemin : C:\Program Files (x86)\Windows Kits\10\Windows Performance Toolkit\streamlink
2025-06-10 03:37:19.109 +02:00 [INF] Test du chemin : C:\Program Files\Git\cmd\streamlink
2025-06-10 03:37:19.109 +02:00 [INF] Test du chemin : C:\Program Files\nodejs\streamlink
2025-06-10 03:37:19.109 +02:00 [INF] Test du chemin : C:\Program Files\Streamlink\bin\streamlink
2025-06-10 03:37:19.109 +02:00 [INF] Test du chemin : C:\Users\terre\OneDrive\Documents\ffmpeg-7.1.1-essentials_build\bin\streamlink
2025-06-10 03:37:19.109 +02:00 [INF] Test du chemin : C:\Users\terre\AppData\Local\Programs\Python\Python312\Scripts\streamlink
2025-06-10 03:37:19.109 +02:00 [INF] Test du chemin : C:\Users\terre\AppData\Local\Programs\Python\Python312\streamlink
2025-06-10 03:37:19.109 +02:00 [INF] Test du chemin : C:\Users\terre\AppData\Local\Microsoft\WindowsApps\streamlink
2025-06-10 03:37:19.109 +02:00 [INF] Test du chemin : C:\Users\terre\AppData\Local\Programs\Microsoft VS Code\bin\streamlink
2025-06-10 03:37:19.110 +02:00 [INF] Test du chemin : C:\Users\terre\.dotnet\tools\streamlink
2025-06-10 03:37:19.110 +02:00 [INF] Test du chemin : C:\Users\terre\AppData\Local\GitHubDesktop\bin\streamlink
2025-06-10 03:37:19.110 +02:00 [INF] Test du chemin : C:\Users\terre\AppData\Roaming\npm\streamlink
2025-06-10 03:37:19.110 +02:00 [INF] Test du chemin : C:\Users\terre\AppData\Local\Programs\cursor\resources\app\bin\streamlink
2025-06-10 03:37:19.111 +02:00 [INF] Test du chemin : C:\Program Files\streamlink.exe
2025-06-10 03:37:19.111 +02:00 [INF] Test du chemin : C:\Program Files (x86)\streamlink.exe
2025-06-10 03:37:19.111 +02:00 [INF] Test du chemin : C:\Users\terre\AppData\Local\streamlink.exe
2025-06-10 03:37:19.111 +02:00 [INF] Test du chemin : C:\ProgramData\streamlink.exe
2025-06-10 03:37:19.111 +02:00 [INF] Streamlink trouvé dans : C:\Program Files\Streamlink\bin\streamlink.exe
2025-06-10 03:37:19.111 +02:00 [INF] Commande exécutée : C:\Program Files\Streamlink\bin\streamlink.exe https://www.youtube.com/@NerissaRavencroft best
2025-06-10 03:39:28.164 +02:00 [INF] MainViewModel initialisé
2025-06-10 03:39:34.503 +02:00 [INF] Démarrage de la surveillance : https://www.youtube.com/@NerissaRavencroft
2025-06-10 03:39:34.506 +02:00 [INF] Vérification du statut live pour : https://www.youtube.com/@NerissaRavencroft
2025-06-10 03:39:34.506 +02:00 [INF] PATH système : C:\Program Files\Eclipse Adoptium\jdk-21.0.2.13-hotspot\bin;C:\Program Files\Common Files\Oracle\Java\javapath;C:\Windows\system32;C:\Windows;C:\Windows\System32\Wbem;C:\Windows\System32\WindowsPowerShell\v1.0\;C:\Windows\System32\OpenSSH\;C:\Program Files\dotnet\;C:\Program Files (x86)\Windows Kits\10\Windows Performance Toolkit\;C:\Program Files\Git\cmd;C:\Program Files\nodejs\;C:\Program Files\Streamlink\bin;C:\Users\terre\OneDrive\Documents\ffmpeg-7.1.1-essentials_build\bin;C:\Users\terre\AppData\Local\Programs\Python\Python312\Scripts\;C:\Users\terre\AppData\Local\Programs\Python\Python312\;C:\Users\terre\AppData\Local\Microsoft\WindowsApps;C:\Users\terre\AppData\Local\Programs\Microsoft VS Code\bin;C:\Users\terre\.dotnet\tools;C:\Users\terre\AppData\Local\GitHubDesktop\bin;C:\Users\terre\AppData\Roaming\npm;C:\Users\terre\AppData\Local\Programs\cursor\resources\app\bin
2025-06-10 03:39:34.506 +02:00 [INF] Test du chemin : C:\Program Files\Eclipse Adoptium\jdk-21.0.2.13-hotspot\bin\streamlink
2025-06-10 03:39:34.506 +02:00 [INF] Test du chemin : C:\Program Files\Common Files\Oracle\Java\javapath\streamlink
2025-06-10 03:39:34.507 +02:00 [INF] Test du chemin : C:\Windows\system32\streamlink
2025-06-10 03:39:34.507 +02:00 [INF] Test du chemin : C:\Windows\streamlink
2025-06-10 03:39:34.507 +02:00 [INF] Test du chemin : C:\Windows\System32\Wbem\streamlink
2025-06-10 03:39:34.507 +02:00 [INF] Test du chemin : C:\Windows\System32\WindowsPowerShell\v1.0\streamlink
2025-06-10 03:39:34.507 +02:00 [INF] Test du chemin : C:\Windows\System32\OpenSSH\streamlink
2025-06-10 03:39:34.507 +02:00 [INF] Test du chemin : C:\Program Files\dotnet\streamlink
2025-06-10 03:39:34.507 +02:00 [INF] Test du chemin : C:\Program Files (x86)\Windows Kits\10\Windows Performance Toolkit\streamlink
2025-06-10 03:39:34.507 +02:00 [INF] Test du chemin : C:\Program Files\Git\cmd\streamlink
2025-06-10 03:39:34.508 +02:00 [INF] Test du chemin : C:\Program Files\nodejs\streamlink
2025-06-10 03:39:34.509 +02:00 [INF] Test du chemin : C:\Program Files\Streamlink\bin\streamlink
2025-06-10 03:39:34.509 +02:00 [INF] Test du chemin : C:\Users\terre\OneDrive\Documents\ffmpeg-7.1.1-essentials_build\bin\streamlink
2025-06-10 03:39:34.509 +02:00 [INF] Test du chemin : C:\Users\terre\AppData\Local\Programs\Python\Python312\Scripts\streamlink
2025-06-10 03:39:34.509 +02:00 [INF] Test du chemin : C:\Users\terre\AppData\Local\Programs\Python\Python312\streamlink
2025-06-10 03:39:34.509 +02:00 [INF] Test du chemin : C:\Users\terre\AppData\Local\Microsoft\WindowsApps\streamlink
2025-06-10 03:39:34.510 +02:00 [INF] Test du chemin : C:\Users\terre\AppData\Local\Programs\Microsoft VS Code\bin\streamlink
2025-06-10 03:39:34.510 +02:00 [INF] Test du chemin : C:\Users\terre\.dotnet\tools\streamlink
2025-06-10 03:39:34.510 +02:00 [INF] Test du chemin : C:\Users\terre\AppData\Local\GitHubDesktop\bin\streamlink
2025-06-10 03:39:34.510 +02:00 [INF] Test du chemin : C:\Users\terre\AppData\Roaming\npm\streamlink
2025-06-10 03:39:34.510 +02:00 [INF] Test du chemin : C:\Users\terre\AppData\Local\Programs\cursor\resources\app\bin\streamlink
2025-06-10 03:39:34.511 +02:00 [INF] Test du chemin : C:\Program Files\streamlink.exe
2025-06-10 03:39:34.511 +02:00 [INF] Test du chemin : C:\Program Files (x86)\streamlink.exe
2025-06-10 03:39:34.511 +02:00 [INF] Test du chemin : C:\Users\terre\AppData\Local\streamlink.exe
2025-06-10 03:39:34.511 +02:00 [INF] Test du chemin : C:\ProgramData\streamlink.exe
2025-06-10 03:39:34.512 +02:00 [INF] Streamlink trouvé dans : C:\Program Files\Streamlink\bin\streamlink.exe
2025-06-10 03:39:34.512 +02:00 [INF] Commande exécutée : C:\Program Files\Streamlink\bin\streamlink.exe https://www.youtube.com/@NerissaRavencroft best --no-player
2025-06-10 03:39:35.571 +02:00 [INF] Sortie streamlink : 
2025-06-10 03:39:35.571 +02:00 [ERR] Erreur streamlink : usage: streamlink [OPTIONS] <URL> [STREAM]
streamlink: error: unrecognized arguments: --no-player

2025-06-10 03:41:03.051 +02:00 [INF] MainViewModel initialisé
2025-06-10 03:41:06.162 +02:00 [INF] Démarrage de la surveillance : https://www.youtube.com/@NerissaRavencroft
2025-06-10 03:41:06.165 +02:00 [INF] Vérification du statut live pour : https://www.youtube.com/@NerissaRavencroft
2025-06-10 03:41:06.166 +02:00 [INF] PATH système : C:\Program Files\Eclipse Adoptium\jdk-21.0.2.13-hotspot\bin;C:\Program Files\Common Files\Oracle\Java\javapath;C:\Windows\system32;C:\Windows;C:\Windows\System32\Wbem;C:\Windows\System32\WindowsPowerShell\v1.0\;C:\Windows\System32\OpenSSH\;C:\Program Files\dotnet\;C:\Program Files (x86)\Windows Kits\10\Windows Performance Toolkit\;C:\Program Files\Git\cmd;C:\Program Files\nodejs\;C:\Program Files\Streamlink\bin;C:\Users\terre\OneDrive\Documents\ffmpeg-7.1.1-essentials_build\bin;C:\Users\terre\AppData\Local\Programs\Python\Python312\Scripts\;C:\Users\terre\AppData\Local\Programs\Python\Python312\;C:\Users\terre\AppData\Local\Microsoft\WindowsApps;C:\Users\terre\AppData\Local\Programs\Microsoft VS Code\bin;C:\Users\terre\.dotnet\tools;C:\Users\terre\AppData\Local\GitHubDesktop\bin;C:\Users\terre\AppData\Roaming\npm;C:\Users\terre\AppData\Local\Programs\cursor\resources\app\bin
2025-06-10 03:41:06.166 +02:00 [INF] Test du chemin : C:\Program Files\Eclipse Adoptium\jdk-21.0.2.13-hotspot\bin\streamlink
2025-06-10 03:41:06.166 +02:00 [INF] Test du chemin : C:\Program Files\Common Files\Oracle\Java\javapath\streamlink
2025-06-10 03:41:06.166 +02:00 [INF] Test du chemin : C:\Windows\system32\streamlink
2025-06-10 03:41:06.166 +02:00 [INF] Test du chemin : C:\Windows\streamlink
2025-06-10 03:41:06.166 +02:00 [INF] Test du chemin : C:\Windows\System32\Wbem\streamlink
2025-06-10 03:41:06.166 +02:00 [INF] Test du chemin : C:\Windows\System32\WindowsPowerShell\v1.0\streamlink
2025-06-10 03:41:06.166 +02:00 [INF] Test du chemin : C:\Windows\System32\OpenSSH\streamlink
2025-06-10 03:41:06.167 +02:00 [INF] Test du chemin : C:\Program Files\dotnet\streamlink
2025-06-10 03:41:06.167 +02:00 [INF] Test du chemin : C:\Program Files (x86)\Windows Kits\10\Windows Performance Toolkit\streamlink
2025-06-10 03:41:06.167 +02:00 [INF] Test du chemin : C:\Program Files\Git\cmd\streamlink
2025-06-10 03:41:06.167 +02:00 [INF] Test du chemin : C:\Program Files\nodejs\streamlink
2025-06-10 03:41:06.169 +02:00 [INF] Test du chemin : C:\Program Files\Streamlink\bin\streamlink
2025-06-10 03:41:06.169 +02:00 [INF] Test du chemin : C:\Users\terre\OneDrive\Documents\ffmpeg-7.1.1-essentials_build\bin\streamlink
2025-06-10 03:41:06.169 +02:00 [INF] Test du chemin : C:\Users\terre\AppData\Local\Programs\Python\Python312\Scripts\streamlink
2025-06-10 03:41:06.170 +02:00 [INF] Test du chemin : C:\Users\terre\AppData\Local\Programs\Python\Python312\streamlink
2025-06-10 03:41:06.170 +02:00 [INF] Test du chemin : C:\Users\terre\AppData\Local\Microsoft\WindowsApps\streamlink
2025-06-10 03:41:06.170 +02:00 [INF] Test du chemin : C:\Users\terre\AppData\Local\Programs\Microsoft VS Code\bin\streamlink
2025-06-10 03:41:06.170 +02:00 [INF] Test du chemin : C:\Users\terre\.dotnet\tools\streamlink
2025-06-10 03:41:06.170 +02:00 [INF] Test du chemin : C:\Users\terre\AppData\Local\GitHubDesktop\bin\streamlink
2025-06-10 03:41:06.170 +02:00 [INF] Test du chemin : C:\Users\terre\AppData\Roaming\npm\streamlink
2025-06-10 03:41:06.170 +02:00 [INF] Test du chemin : C:\Users\terre\AppData\Local\Programs\cursor\resources\app\bin\streamlink
2025-06-10 03:41:06.171 +02:00 [INF] Test du chemin : C:\Program Files\streamlink.exe
2025-06-10 03:41:06.171 +02:00 [INF] Test du chemin : C:\Program Files (x86)\streamlink.exe
2025-06-10 03:41:06.172 +02:00 [INF] Test du chemin : C:\Users\terre\AppData\Local\streamlink.exe
2025-06-10 03:41:06.172 +02:00 [INF] Test du chemin : C:\ProgramData\streamlink.exe
2025-06-10 03:41:06.172 +02:00 [INF] Streamlink trouvé dans : C:\Program Files\Streamlink\bin\streamlink.exe
2025-06-10 03:41:06.172 +02:00 [INF] Commande exécutée : C:\Program Files\Streamlink\bin\streamlink.exe https://www.youtube.com/@NerissaRavencroft best --player-external-http
2025-06-10 03:45:11.804 +02:00 [INF] MainViewModel initialisé
2025-06-10 03:45:20.644 +02:00 [INF] Démarrage de la surveillance : https://www.youtube.com/@NerissaRavencroft
2025-06-10 03:45:20.647 +02:00 [INF] Vérification du statut live pour : https://www.youtube.com/@NerissaRavencroft
2025-06-10 03:45:20.647 +02:00 [INF] PATH système : C:\Program Files\Eclipse Adoptium\jdk-21.0.2.13-hotspot\bin;C:\Program Files\Common Files\Oracle\Java\javapath;C:\Windows\system32;C:\Windows;C:\Windows\System32\Wbem;C:\Windows\System32\WindowsPowerShell\v1.0\;C:\Windows\System32\OpenSSH\;C:\Program Files\dotnet\;C:\Program Files (x86)\Windows Kits\10\Windows Performance Toolkit\;C:\Program Files\Git\cmd;C:\Program Files\nodejs\;C:\Program Files\Streamlink\bin;C:\Users\terre\OneDrive\Documents\ffmpeg-7.1.1-essentials_build\bin;C:\Users\terre\AppData\Local\Programs\Python\Python312\Scripts\;C:\Users\terre\AppData\Local\Programs\Python\Python312\;C:\Users\terre\AppData\Local\Microsoft\WindowsApps;C:\Users\terre\AppData\Local\Programs\Microsoft VS Code\bin;C:\Users\terre\.dotnet\tools;C:\Users\terre\AppData\Local\GitHubDesktop\bin;C:\Users\terre\AppData\Roaming\npm;C:\Users\terre\AppData\Local\Programs\cursor\resources\app\bin
2025-06-10 03:45:20.647 +02:00 [INF] Test du chemin : C:\Program Files\Eclipse Adoptium\jdk-21.0.2.13-hotspot\bin\streamlink
2025-06-10 03:45:20.648 +02:00 [INF] Test du chemin : C:\Program Files\Common Files\Oracle\Java\javapath\streamlink
2025-06-10 03:45:20.648 +02:00 [INF] Test du chemin : C:\Windows\system32\streamlink
2025-06-10 03:45:20.648 +02:00 [INF] Test du chemin : C:\Windows\streamlink
2025-06-10 03:45:20.648 +02:00 [INF] Test du chemin : C:\Windows\System32\Wbem\streamlink
2025-06-10 03:45:20.648 +02:00 [INF] Test du chemin : C:\Windows\System32\WindowsPowerShell\v1.0\streamlink
2025-06-10 03:45:20.648 +02:00 [INF] Test du chemin : C:\Windows\System32\OpenSSH\streamlink
2025-06-10 03:45:20.648 +02:00 [INF] Test du chemin : C:\Program Files\dotnet\streamlink
2025-06-10 03:45:20.648 +02:00 [INF] Test du chemin : C:\Program Files (x86)\Windows Kits\10\Windows Performance Toolkit\streamlink
2025-06-10 03:45:20.649 +02:00 [INF] Test du chemin : C:\Program Files\Git\cmd\streamlink
2025-06-10 03:45:20.649 +02:00 [INF] Test du chemin : C:\Program Files\nodejs\streamlink
2025-06-10 03:45:20.649 +02:00 [INF] Test du chemin : C:\Program Files\Streamlink\bin\streamlink
2025-06-10 03:45:20.649 +02:00 [INF] Test du chemin : C:\Users\terre\OneDrive\Documents\ffmpeg-7.1.1-essentials_build\bin\streamlink
2025-06-10 03:45:20.649 +02:00 [INF] Test du chemin : C:\Users\terre\AppData\Local\Programs\Python\Python312\Scripts\streamlink
2025-06-10 03:45:20.649 +02:00 [INF] Test du chemin : C:\Users\terre\AppData\Local\Programs\Python\Python312\streamlink
2025-06-10 03:45:20.649 +02:00 [INF] Test du chemin : C:\Users\terre\AppData\Local\Microsoft\WindowsApps\streamlink
2025-06-10 03:45:20.649 +02:00 [INF] Test du chemin : C:\Users\terre\AppData\Local\Programs\Microsoft VS Code\bin\streamlink
2025-06-10 03:45:20.649 +02:00 [INF] Test du chemin : C:\Users\terre\.dotnet\tools\streamlink
2025-06-10 03:45:20.650 +02:00 [INF] Test du chemin : C:\Users\terre\AppData\Local\GitHubDesktop\bin\streamlink
2025-06-10 03:45:20.650 +02:00 [INF] Test du chemin : C:\Users\terre\AppData\Roaming\npm\streamlink
2025-06-10 03:45:20.650 +02:00 [INF] Test du chemin : C:\Users\terre\AppData\Local\Programs\cursor\resources\app\bin\streamlink
2025-06-10 03:45:20.651 +02:00 [INF] Test du chemin : C:\Program Files\streamlink.exe
2025-06-10 03:45:20.651 +02:00 [INF] Test du chemin : C:\Program Files (x86)\streamlink.exe
2025-06-10 03:45:20.651 +02:00 [INF] Test du chemin : C:\Users\terre\AppData\Local\streamlink.exe
2025-06-10 03:45:20.651 +02:00 [INF] Test du chemin : C:\ProgramData\streamlink.exe
2025-06-10 03:45:20.651 +02:00 [INF] Streamlink trouvé dans : C:\Program Files\Streamlink\bin\streamlink.exe
2025-06-10 03:45:20.654 +02:00 [INF] Commande exécutée : C:\Program Files\Streamlink\bin\streamlink.exe https://www.youtube.com/@NerissaRavencroft best -o "C:\Users\terre\AppData\Local\Temp\stream_20250610_034520.ts"
2025-06-10 03:47:27.013 +02:00 [INF] MainViewModel initialisé
2025-06-10 03:47:29.927 +02:00 [INF] Démarrage de la surveillance : https://www.youtube.com/@NerissaRavencroft
2025-06-10 03:47:29.930 +02:00 [INF] Vérification du statut live pour : https://www.youtube.com/@NerissaRavencroft
2025-06-10 03:47:29.931 +02:00 [INF] PATH système : C:\Program Files\Eclipse Adoptium\jdk-21.0.2.13-hotspot\bin;C:\Program Files\Common Files\Oracle\Java\javapath;C:\Windows\system32;C:\Windows;C:\Windows\System32\Wbem;C:\Windows\System32\WindowsPowerShell\v1.0\;C:\Windows\System32\OpenSSH\;C:\Program Files\dotnet\;C:\Program Files (x86)\Windows Kits\10\Windows Performance Toolkit\;C:\Program Files\Git\cmd;C:\Program Files\nodejs\;C:\Program Files\Streamlink\bin;C:\Users\terre\OneDrive\Documents\ffmpeg-7.1.1-essentials_build\bin;C:\Users\terre\AppData\Local\Programs\Python\Python312\Scripts\;C:\Users\terre\AppData\Local\Programs\Python\Python312\;C:\Users\terre\AppData\Local\Microsoft\WindowsApps;C:\Users\terre\AppData\Local\Programs\Microsoft VS Code\bin;C:\Users\terre\.dotnet\tools;C:\Users\terre\AppData\Local\GitHubDesktop\bin;C:\Users\terre\AppData\Roaming\npm;C:\Users\terre\AppData\Local\Programs\cursor\resources\app\bin
2025-06-10 03:47:29.931 +02:00 [INF] Test du chemin : C:\Program Files\Eclipse Adoptium\jdk-21.0.2.13-hotspot\bin\streamlink
2025-06-10 03:47:29.931 +02:00 [INF] Test du chemin : C:\Program Files\Common Files\Oracle\Java\javapath\streamlink
2025-06-10 03:47:29.931 +02:00 [INF] Test du chemin : C:\Windows\system32\streamlink
2025-06-10 03:47:29.931 +02:00 [INF] Test du chemin : C:\Windows\streamlink
2025-06-10 03:47:29.932 +02:00 [INF] Test du chemin : C:\Windows\System32\Wbem\streamlink
2025-06-10 03:47:29.932 +02:00 [INF] Test du chemin : C:\Windows\System32\WindowsPowerShell\v1.0\streamlink
2025-06-10 03:47:29.932 +02:00 [INF] Test du chemin : C:\Windows\System32\OpenSSH\streamlink
2025-06-10 03:47:29.932 +02:00 [INF] Test du chemin : C:\Program Files\dotnet\streamlink
2025-06-10 03:47:29.932 +02:00 [INF] Test du chemin : C:\Program Files (x86)\Windows Kits\10\Windows Performance Toolkit\streamlink
2025-06-10 03:47:29.932 +02:00 [INF] Test du chemin : C:\Program Files\Git\cmd\streamlink
2025-06-10 03:47:29.932 +02:00 [INF] Test du chemin : C:\Program Files\nodejs\streamlink
2025-06-10 03:47:29.932 +02:00 [INF] Test du chemin : C:\Program Files\Streamlink\bin\streamlink
2025-06-10 03:47:29.932 +02:00 [INF] Test du chemin : C:\Users\terre\OneDrive\Documents\ffmpeg-7.1.1-essentials_build\bin\streamlink
2025-06-10 03:47:29.933 +02:00 [INF] Test du chemin : C:\Users\terre\AppData\Local\Programs\Python\Python312\Scripts\streamlink
2025-06-10 03:47:29.933 +02:00 [INF] Test du chemin : C:\Users\terre\AppData\Local\Programs\Python\Python312\streamlink
2025-06-10 03:47:29.933 +02:00 [INF] Test du chemin : C:\Users\terre\AppData\Local\Microsoft\WindowsApps\streamlink
2025-06-10 03:47:29.933 +02:00 [INF] Test du chemin : C:\Users\terre\AppData\Local\Programs\Microsoft VS Code\bin\streamlink
2025-06-10 03:47:29.933 +02:00 [INF] Test du chemin : C:\Users\terre\.dotnet\tools\streamlink
2025-06-10 03:47:29.933 +02:00 [INF] Test du chemin : C:\Users\terre\AppData\Local\GitHubDesktop\bin\streamlink
2025-06-10 03:47:29.933 +02:00 [INF] Test du chemin : C:\Users\terre\AppData\Roaming\npm\streamlink
2025-06-10 03:47:29.933 +02:00 [INF] Test du chemin : C:\Users\terre\AppData\Local\Programs\cursor\resources\app\bin\streamlink
2025-06-10 03:47:29.934 +02:00 [INF] Test du chemin : C:\Program Files\streamlink.exe
2025-06-10 03:47:29.935 +02:00 [INF] Test du chemin : C:\Program Files (x86)\streamlink.exe
2025-06-10 03:47:29.935 +02:00 [INF] Test du chemin : C:\Users\terre\AppData\Local\streamlink.exe
2025-06-10 03:47:29.935 +02:00 [INF] Test du chemin : C:\ProgramData\streamlink.exe
2025-06-10 03:47:29.935 +02:00 [INF] Streamlink trouvé dans : C:\Program Files\Streamlink\bin\streamlink.exe
2025-06-10 03:47:29.938 +02:00 [INF] Commande exécutée : C:\Program Files\Streamlink\bin\streamlink.exe https://www.youtube.com/@NerissaRavencroft best --stream-url
2025-06-10 03:47:32.080 +02:00 [INF] Sortie streamlink : https://manifest.googlevideo.com/api/manifest/hls_playlist/expire/1749541642/ei/qo5HaPO2IICIvdIPsLjxkAI/ip/88.160.164.12/id/ekWSOwVABYQ.1/itag/96/source/yt_live_broadcast/requiressl/yes/ratebypass/yes/live/1/sgoap/gir%3Dyes%3Bitag%3D140/sgovp/gir%3Dyes%3Bitag%3D137/rqh/1/hls_chunk_host/rr2---sn-25glenlr.googlevideo.com/xpc/EgVo2aDSNQ%3D%3D/bui/AY1jyLP5j6rzMnpP2NoCEBx14P3RNSuMhmwMGkrTncivSBg-aKG_nZ6MerhOWgnOuut0TIbFo9EiiJm7/spc/l3OVKcJ3rHCKsc4oT2HmXPlYI58WVbnenu0A-5pPoWW5fijj0KEb04a2ulLe7lQIUOo/vprv/1/playlist_type/LIVE/initcwndbps/2785000/met/1749520043,/mh/fZ/mm/44/mn/sn-25glenlr/ms/lva/mv/m/mvi/2/pl/12/rms/lva,lva/dover/11/pacing/0/keepalive/yes/fexp/51355912/mt/1749519627/sparams/expire,ei,ip,id,itag,source,requiressl,ratebypass,live,sgoap,sgovp,rqh,xpc,bui,spc,vprv,playlist_type/sig/AJfQdSswRAIgLySMZkwC0AixOtAk--ljPqWoR_1Smut9HcGLtP9qXj4CIHdlWpOyYwR6HYZiJ-WF6d7MSSuzPUfA-LMu4gb1dLVg/lsparams/hls_chunk_host,initcwndbps,met,mh,mm,mn,ms,mv,mvi,pl,rms/lsig/APaTxxMwRgIhAONIwcugEpDZ0Ux_ckDI9AlB7cX-MX5sYFuhMjP2vSFvAiEAwXUVNV9xAFI96hqZXU4TMalGcc4KQeusGDmfZzMo3lg%3D/playlist/index.m3u8

2025-06-10 03:52:47.656 +02:00 [INF] MainViewModel initialisé
2025-06-10 03:52:54.843 +02:00 [INF] Démarrage de la surveillance : https://www.youtube.com/@NerissaRavencroft
2025-06-10 03:52:54.846 +02:00 [INF] Vérification du statut live pour : https://www.youtube.com/@NerissaRavencroft
2025-06-10 03:52:54.847 +02:00 [INF] PATH système : C:\Program Files\Eclipse Adoptium\jdk-21.0.2.13-hotspot\bin;C:\Program Files\Common Files\Oracle\Java\javapath;C:\Windows\system32;C:\Windows;C:\Windows\System32\Wbem;C:\Windows\System32\WindowsPowerShell\v1.0\;C:\Windows\System32\OpenSSH\;C:\Program Files\dotnet\;C:\Program Files (x86)\Windows Kits\10\Windows Performance Toolkit\;C:\Program Files\Git\cmd;C:\Program Files\nodejs\;C:\Program Files\Streamlink\bin;C:\Users\terre\OneDrive\Documents\ffmpeg-7.1.1-essentials_build\bin;C:\Users\terre\AppData\Local\Programs\Python\Python312\Scripts\;C:\Users\terre\AppData\Local\Programs\Python\Python312\;C:\Users\terre\AppData\Local\Microsoft\WindowsApps;C:\Users\terre\AppData\Local\Programs\Microsoft VS Code\bin;C:\Users\terre\.dotnet\tools;C:\Users\terre\AppData\Local\GitHubDesktop\bin;C:\Users\terre\AppData\Roaming\npm;C:\Users\terre\AppData\Local\Programs\cursor\resources\app\bin
2025-06-10 03:52:54.847 +02:00 [INF] Test du chemin : C:\Program Files\Eclipse Adoptium\jdk-21.0.2.13-hotspot\bin\streamlink
2025-06-10 03:52:54.847 +02:00 [INF] Test du chemin : C:\Program Files\Common Files\Oracle\Java\javapath\streamlink
2025-06-10 03:52:54.847 +02:00 [INF] Test du chemin : C:\Windows\system32\streamlink
2025-06-10 03:52:54.847 +02:00 [INF] Test du chemin : C:\Windows\streamlink
2025-06-10 03:52:54.847 +02:00 [INF] Test du chemin : C:\Windows\System32\Wbem\streamlink
2025-06-10 03:52:54.848 +02:00 [INF] Test du chemin : C:\Windows\System32\WindowsPowerShell\v1.0\streamlink
2025-06-10 03:52:54.848 +02:00 [INF] Test du chemin : C:\Windows\System32\OpenSSH\streamlink
2025-06-10 03:52:54.848 +02:00 [INF] Test du chemin : C:\Program Files\dotnet\streamlink
2025-06-10 03:52:54.848 +02:00 [INF] Test du chemin : C:\Program Files (x86)\Windows Kits\10\Windows Performance Toolkit\streamlink
2025-06-10 03:52:54.848 +02:00 [INF] Test du chemin : C:\Program Files\Git\cmd\streamlink
2025-06-10 03:52:54.848 +02:00 [INF] Test du chemin : C:\Program Files\nodejs\streamlink
2025-06-10 03:52:54.848 +02:00 [INF] Test du chemin : C:\Program Files\Streamlink\bin\streamlink
2025-06-10 03:52:54.848 +02:00 [INF] Test du chemin : C:\Users\terre\OneDrive\Documents\ffmpeg-7.1.1-essentials_build\bin\streamlink
2025-06-10 03:52:54.848 +02:00 [INF] Test du chemin : C:\Users\terre\AppData\Local\Programs\Python\Python312\Scripts\streamlink
2025-06-10 03:52:54.849 +02:00 [INF] Test du chemin : C:\Users\terre\AppData\Local\Programs\Python\Python312\streamlink
2025-06-10 03:52:54.849 +02:00 [INF] Test du chemin : C:\Users\terre\AppData\Local\Microsoft\WindowsApps\streamlink
2025-06-10 03:52:54.849 +02:00 [INF] Test du chemin : C:\Users\terre\AppData\Local\Programs\Microsoft VS Code\bin\streamlink
2025-06-10 03:52:54.849 +02:00 [INF] Test du chemin : C:\Users\terre\.dotnet\tools\streamlink
2025-06-10 03:52:54.849 +02:00 [INF] Test du chemin : C:\Users\terre\AppData\Local\GitHubDesktop\bin\streamlink
2025-06-10 03:52:54.849 +02:00 [INF] Test du chemin : C:\Users\terre\AppData\Roaming\npm\streamlink
2025-06-10 03:52:54.849 +02:00 [INF] Test du chemin : C:\Users\terre\AppData\Local\Programs\cursor\resources\app\bin\streamlink
2025-06-10 03:52:54.850 +02:00 [INF] Test du chemin : C:\Program Files\streamlink.exe
2025-06-10 03:52:54.851 +02:00 [INF] Test du chemin : C:\Program Files (x86)\streamlink.exe
2025-06-10 03:52:54.851 +02:00 [INF] Test du chemin : C:\Users\terre\AppData\Local\streamlink.exe
2025-06-10 03:52:54.851 +02:00 [INF] Test du chemin : C:\ProgramData\streamlink.exe
2025-06-10 03:52:54.851 +02:00 [INF] Streamlink trouvé dans : C:\Program Files\Streamlink\bin\streamlink.exe
2025-06-10 03:52:54.854 +02:00 [INF] Commande exécutée : C:\Program Files\Streamlink\bin\streamlink.exe https://www.youtube.com/@NerissaRavencroft best --stream-url
2025-06-10 03:52:57.104 +02:00 [INF] Sortie streamlink : https://manifest.googlevideo.com/api/manifest/hls_playlist/expire/1749541967/ei/749HaP_BHKr6xN8P4sLuuAI/ip/88.160.164.12/id/ekWSOwVABYQ.1/itag/96/source/yt_live_broadcast/requiressl/yes/ratebypass/yes/live/1/sgoap/gir%3Dyes%3Bitag%3D140/sgovp/gir%3Dyes%3Bitag%3D137/rqh/1/hls_chunk_host/rr1---sn-25ge7nz6.googlevideo.com/xpc/EgVo2aDSNQ%3D%3D/bui/AY1jyLPgH3Wcs78bLJcw7hNITtB2YugN2wAstcMlg2MUbq19cTWNdXZOPMYbVDf6z5MgKRdmvCcQAac_/spc/l3OVKX91u_8elIROEj4XbG9e4iz_AwSw2to6wG4FVwR5Ob2nW4NZ1zOE6ZkJQImdT8c/vprv/1/playlist_type/LIVE/initcwndbps/2766250/met/1749520368,/mh/fZ/mm/44/mn/sn-25ge7nz6/ms/lva/mv/m/mvi/1/pl/12/rms/lva,lva/dover/11/pacing/0/keepalive/yes/fexp/51355912,51466642/mt/1749520107/sparams/expire,ei,ip,id,itag,source,requiressl,ratebypass,live,sgoap,sgovp,rqh,xpc,bui,spc,vprv,playlist_type/sig/AJfQdSswRQIhAM_XMhIc2ZaD1SvIhblULZhab4ZcxDePsAz688klYVcvAiAy0dej8KamR0VtmQ4ePiQaSaVvQMuEkiV1CNEjI5QB3g%3D%3D/lsparams/hls_chunk_host,initcwndbps,met,mh,mm,mn,ms,mv,mvi,pl,rms/lsig/APaTxxMwRQIhAJzNEVmgu8aiItVDN69M0iYzQ8HfmbJ37OGSNw8fgh8iAiBMHMel3fBLurkg6HzQFTmc6ymmjFdu5qy19kbmls3nng%3D%3D/playlist/index.m3u8

2025-06-10 03:52:57.104 +02:00 [INF] Stream en direct détecté : True
2025-06-10 03:52:57.105 +02:00 [INF] Récupération de l'URL du stream pour : https://www.youtube.com/@NerissaRavencroft
2025-06-10 03:52:57.105 +02:00 [INF] PATH système : C:\Program Files\Eclipse Adoptium\jdk-21.0.2.13-hotspot\bin;C:\Program Files\Common Files\Oracle\Java\javapath;C:\Windows\system32;C:\Windows;C:\Windows\System32\Wbem;C:\Windows\System32\WindowsPowerShell\v1.0\;C:\Windows\System32\OpenSSH\;C:\Program Files\dotnet\;C:\Program Files (x86)\Windows Kits\10\Windows Performance Toolkit\;C:\Program Files\Git\cmd;C:\Program Files\nodejs\;C:\Program Files\Streamlink\bin;C:\Users\terre\OneDrive\Documents\ffmpeg-7.1.1-essentials_build\bin;C:\Users\terre\AppData\Local\Programs\Python\Python312\Scripts\;C:\Users\terre\AppData\Local\Programs\Python\Python312\;C:\Users\terre\AppData\Local\Microsoft\WindowsApps;C:\Users\terre\AppData\Local\Programs\Microsoft VS Code\bin;C:\Users\terre\.dotnet\tools;C:\Users\terre\AppData\Local\GitHubDesktop\bin;C:\Users\terre\AppData\Roaming\npm;C:\Users\terre\AppData\Local\Programs\cursor\resources\app\bin
2025-06-10 03:52:57.106 +02:00 [INF] Test du chemin : C:\Program Files\Eclipse Adoptium\jdk-21.0.2.13-hotspot\bin\streamlink
2025-06-10 03:52:57.106 +02:00 [INF] Test du chemin : C:\Program Files\Common Files\Oracle\Java\javapath\streamlink
2025-06-10 03:52:57.107 +02:00 [INF] Test du chemin : C:\Windows\system32\streamlink
2025-06-10 03:52:57.107 +02:00 [INF] Test du chemin : C:\Windows\streamlink
2025-06-10 03:52:57.107 +02:00 [INF] Test du chemin : C:\Windows\System32\Wbem\streamlink
2025-06-10 03:52:57.107 +02:00 [INF] Test du chemin : C:\Windows\System32\WindowsPowerShell\v1.0\streamlink
2025-06-10 03:52:57.107 +02:00 [INF] Test du chemin : C:\Windows\System32\OpenSSH\streamlink
2025-06-10 03:52:57.107 +02:00 [INF] Test du chemin : C:\Program Files\dotnet\streamlink
2025-06-10 03:52:57.107 +02:00 [INF] Test du chemin : C:\Program Files (x86)\Windows Kits\10\Windows Performance Toolkit\streamlink
2025-06-10 03:52:57.107 +02:00 [INF] Test du chemin : C:\Program Files\Git\cmd\streamlink
2025-06-10 03:52:57.107 +02:00 [INF] Test du chemin : C:\Program Files\nodejs\streamlink
2025-06-10 03:52:57.108 +02:00 [INF] Test du chemin : C:\Program Files\Streamlink\bin\streamlink
2025-06-10 03:52:57.108 +02:00 [INF] Test du chemin : C:\Users\terre\OneDrive\Documents\ffmpeg-7.1.1-essentials_build\bin\streamlink
2025-06-10 03:52:57.108 +02:00 [INF] Test du chemin : C:\Users\terre\AppData\Local\Programs\Python\Python312\Scripts\streamlink
2025-06-10 03:52:57.108 +02:00 [INF] Test du chemin : C:\Users\terre\AppData\Local\Programs\Python\Python312\streamlink
2025-06-10 03:52:57.108 +02:00 [INF] Test du chemin : C:\Users\terre\AppData\Local\Microsoft\WindowsApps\streamlink
2025-06-10 03:52:57.108 +02:00 [INF] Test du chemin : C:\Users\terre\AppData\Local\Programs\Microsoft VS Code\bin\streamlink
2025-06-10 03:52:57.108 +02:00 [INF] Test du chemin : C:\Users\terre\.dotnet\tools\streamlink
2025-06-10 03:52:57.108 +02:00 [INF] Test du chemin : C:\Users\terre\AppData\Local\GitHubDesktop\bin\streamlink
2025-06-10 03:52:57.108 +02:00 [INF] Test du chemin : C:\Users\terre\AppData\Roaming\npm\streamlink
2025-06-10 03:52:57.108 +02:00 [INF] Test du chemin : C:\Users\terre\AppData\Local\Programs\cursor\resources\app\bin\streamlink
2025-06-10 03:52:57.109 +02:00 [INF] Test du chemin : C:\Program Files\streamlink.exe
2025-06-10 03:52:57.109 +02:00 [INF] Test du chemin : C:\Program Files (x86)\streamlink.exe
2025-06-10 03:52:57.109 +02:00 [INF] Test du chemin : C:\Users\terre\AppData\Local\streamlink.exe
2025-06-10 03:52:57.109 +02:00 [INF] Test du chemin : C:\ProgramData\streamlink.exe
2025-06-10 03:52:57.109 +02:00 [INF] Streamlink trouvé dans : C:\Program Files\Streamlink\bin\streamlink.exe
2025-06-10 03:52:58.119 +02:00 [INF] Démarrage de l'enregistrement pour : https://www.youtube.com/@NerissaRavencroft
2025-06-10 03:52:58.119 +02:00 [INF] Chemin de sortie : C:\Users\terre\OneDrive\Documents\Strivea\Recordings\20250610_035258.ts
2025-06-10 03:52:58.120 +02:00 [INF] PATH système : C:\Program Files\Eclipse Adoptium\jdk-21.0.2.13-hotspot\bin;C:\Program Files\Common Files\Oracle\Java\javapath;C:\Windows\system32;C:\Windows;C:\Windows\System32\Wbem;C:\Windows\System32\WindowsPowerShell\v1.0\;C:\Windows\System32\OpenSSH\;C:\Program Files\dotnet\;C:\Program Files (x86)\Windows Kits\10\Windows Performance Toolkit\;C:\Program Files\Git\cmd;C:\Program Files\nodejs\;C:\Program Files\Streamlink\bin;C:\Users\terre\OneDrive\Documents\ffmpeg-7.1.1-essentials_build\bin;C:\Users\terre\AppData\Local\Programs\Python\Python312\Scripts\;C:\Users\terre\AppData\Local\Programs\Python\Python312\;C:\Users\terre\AppData\Local\Microsoft\WindowsApps;C:\Users\terre\AppData\Local\Programs\Microsoft VS Code\bin;C:\Users\terre\.dotnet\tools;C:\Users\terre\AppData\Local\GitHubDesktop\bin;C:\Users\terre\AppData\Roaming\npm;C:\Users\terre\AppData\Local\Programs\cursor\resources\app\bin
2025-06-10 03:52:58.120 +02:00 [INF] Test du chemin : C:\Program Files\Eclipse Adoptium\jdk-21.0.2.13-hotspot\bin\streamlink
2025-06-10 03:52:58.120 +02:00 [INF] Test du chemin : C:\Program Files\Common Files\Oracle\Java\javapath\streamlink
2025-06-10 03:52:58.120 +02:00 [INF] Test du chemin : C:\Windows\system32\streamlink
2025-06-10 03:52:58.120 +02:00 [INF] Test du chemin : C:\Windows\streamlink
2025-06-10 03:52:58.120 +02:00 [INF] Test du chemin : C:\Windows\System32\Wbem\streamlink
2025-06-10 03:52:58.120 +02:00 [INF] Test du chemin : C:\Windows\System32\WindowsPowerShell\v1.0\streamlink
2025-06-10 03:52:58.120 +02:00 [INF] Test du chemin : C:\Windows\System32\OpenSSH\streamlink
2025-06-10 03:52:58.120 +02:00 [INF] Test du chemin : C:\Program Files\dotnet\streamlink
2025-06-10 03:52:58.120 +02:00 [INF] Test du chemin : C:\Program Files (x86)\Windows Kits\10\Windows Performance Toolkit\streamlink
2025-06-10 03:52:58.121 +02:00 [INF] Test du chemin : C:\Program Files\Git\cmd\streamlink
2025-06-10 03:52:58.124 +02:00 [INF] Test du chemin : C:\Program Files\nodejs\streamlink
2025-06-10 03:52:58.124 +02:00 [INF] Test du chemin : C:\Program Files\Streamlink\bin\streamlink
2025-06-10 03:52:58.124 +02:00 [INF] Test du chemin : C:\Users\terre\OneDrive\Documents\ffmpeg-7.1.1-essentials_build\bin\streamlink
2025-06-10 03:52:58.124 +02:00 [INF] Test du chemin : C:\Users\terre\AppData\Local\Programs\Python\Python312\Scripts\streamlink
2025-06-10 03:52:58.124 +02:00 [INF] Test du chemin : C:\Users\terre\AppData\Local\Programs\Python\Python312\streamlink
2025-06-10 03:52:58.124 +02:00 [INF] Test du chemin : C:\Users\terre\AppData\Local\Microsoft\WindowsApps\streamlink
2025-06-10 03:52:58.124 +02:00 [INF] Test du chemin : C:\Users\terre\AppData\Local\Programs\Microsoft VS Code\bin\streamlink
2025-06-10 03:52:58.124 +02:00 [INF] Test du chemin : C:\Users\terre\.dotnet\tools\streamlink
2025-06-10 03:52:58.124 +02:00 [INF] Test du chemin : C:\Users\terre\AppData\Local\GitHubDesktop\bin\streamlink
2025-06-10 03:52:58.124 +02:00 [INF] Test du chemin : C:\Users\terre\AppData\Roaming\npm\streamlink
2025-06-10 03:52:58.124 +02:00 [INF] Test du chemin : C:\Users\terre\AppData\Local\Programs\cursor\resources\app\bin\streamlink
2025-06-10 03:52:58.125 +02:00 [INF] Test du chemin : C:\Program Files\streamlink.exe
2025-06-10 03:52:58.125 +02:00 [INF] Test du chemin : C:\Program Files (x86)\streamlink.exe
2025-06-10 03:52:58.125 +02:00 [INF] Test du chemin : C:\Users\terre\AppData\Local\streamlink.exe
2025-06-10 03:52:58.125 +02:00 [INF] Test du chemin : C:\ProgramData\streamlink.exe
2025-06-10 03:52:58.125 +02:00 [INF] Streamlink trouvé dans : C:\Program Files\Streamlink\bin\streamlink.exe
2025-06-10 03:52:58.128 +02:00 [INF] Enregistrement démarré : C:\Users\terre\OneDrive\Documents\Strivea\Recordings\20250610_035258.ts\@NerissaRavencroft_20250610_035258.ts
2025-06-10 03:52:58.129 +02:00 [INF] Enregistrement démarré
2025-06-10 03:53:13.462 +02:00 [INF] Arrêt de la surveillance
2025-06-10 03:53:13.463 +02:00 [INF] Arrêt de l'enregistrement
2025-06-10 03:53:13.467 +02:00 [INF] Enregistrement arrêté : C:\Users\terre\OneDrive\Documents\Strivea\Recordings\20250610_035258.ts\@NerissaRavencroft_20250610_035258.ts
2025-06-10 03:53:13.467 +02:00 [INF] Enregistrement arrêté
2025-06-10 03:53:25.907 +02:00 [INF] Conversion des enregistrements...
2025-06-10 03:54:08.742 +02:00 [INF] Nettoyage en cours...
2025-06-10 03:54:16.573 +02:00 [INF] Vérification des dépendances...
